<?xml version="1.0" encoding="utf-8" ?>
<results>
	<result record="Actions_SiteSearchCategories">
		<row>
			<label>cat1</label>
		</row>
		<row>
			<label>cat2</label>
		</row>
		<row>
			<label>cat3</label>
		</row>
	</result>
	<result record="Actions_actions">
		<row>
			<col name="label"> Index real</col>
			<col name="2">3</col>
			<col name="1">9</col>
			<col name="12">19</col>
			<col name="13">2</col>
			<col name="30">5</col>
			<col name="31">7</col>
			<col name="19">4</col>
			<col name="20">5</col>
			<col name="21">6</col>
			<col name="22">7</col>
			<col name="15">4</col>
		</row>
		<row>
			<col name="label"> A Page</col>
			<col name="2">16</col>
			<col name="1">15</col>
			<col name="12">18</col>
			<col name="13">1</col>
			<col name="30">2</col>
			<col name="31">4</col>
		</row>
		<row>
			<col name="label"> Index page</col>
			<col name="2">14</col>
			<col name="1">7</col>
			<col name="12">2</col>
			<col name="13">2</col>
			<col name="30">3</col>
			<col name="31">3</col>
			<col name="19">8</col>
			<col name="20">9</col>
			<col name="21">10</col>
			<col name="22">11</col>
			<col name="15">3</col>
		</row>
		<row>
			<col name="label"> A Folder &gt; Page</col>
			<col name="2">20</col>
			<col name="1">10</col>
			<col name="12">1</col>
			<col name="13">1</col>
			<col name="30">1</col>
			<col name="31">1</col>
			<col name="15">1</col>
		</row>
	</result>
	<result record="Actions_actions_url">
		<row>
			<col name="label">/index</col>
			<col name="2">1</col>
			<col name="1">2</col>
			<col name="12">24</col>
			<col name="13">10</col>
			<col name="30">3</col>
			<col name="31">4</col>
			<col name="19">3</col>
			<col name="20">4</col>
			<col name="21">5</col>
			<col name="22">6</col>
			<col name="url">http://piwik.net/</col>
		</row>
		<row>
			<col name="label">/index</col>
			<col name="2">6</col>
			<col name="1">5</col>
			<col name="12">18</col>
			<col name="13">10</col>
			<col name="30">3</col>
			<col name="31">4</col>
			<col name="19">8</col>
			<col name="20">9</col>
			<col name="21">10</col>
			<col name="22">11</col>
			<col name="url">http://piwik.net/index</col>
		</row>
		<row>
			<col name="label">folder</col>
			<col name="2">7</col>
			<col name="12">21</col>
			<col name="13">16</col>
			<col name="30">3</col>
			<col name="31">2</col>
			<col name="folder_url_start">folder</col>
			<col name="idsubdatatable">19</col>
			<col name="subtable">
				<row>
					<col name="label">/index#ahashvalue</col>
					<col name="2">0</col>
					<col name="1">0</col>
					<col name="12">12</col>
					<col name="13">6</col>
					<col name="30">1</col>
					<col name="31">1</col>
					<col name="url">http://piwik.net/folder/#ahashvalue</col>
				</row>
				<row>
					<col name="label">/page</col>
					<col name="2">7</col>
					<col name="1">7</col>
					<col name="12">9</col>
					<col name="13">10</col>
					<col name="30">2</col>
					<col name="31">1</col>
					<col name="url">http://piwik.net/folder/page</col>
				</row>
			</col>
		</row>
		<row>
			<col name="label">/apage</col>
			<col name="2">14</col>
			<col name="1">4</col>
			<col name="12">10</col>
			<col name="13">5</col>
			<col name="30">2</col>
			<col name="31">6</col>
			<col name="url">http://piwik.net/apage</col>
		</row>
	</result>
	<result record="Actions_sitesearch">
		<row>
			<col name="label">serach 5</col>
			<col name="2">10</col>
			<col name="1">4</col>
			<col name="12">0</col>
			<col name="13">0</col>
		</row>
		<row>
			<col name="label">serach 6</col>
			<col name="2">8</col>
			<col name="1">4</col>
			<col name="12">0</col>
			<col name="13">0</col>
		</row>
		<row>
			<col name="label">serach 2</col>
			<col name="2">1</col>
			<col name="1">1</col>
			<col name="12">0</col>
			<col name="13">0</col>
		</row>
	</result>
	<result record="Actions_nb_pageviews">
		<row>
			<value>73</value>
		</row>
	</result>
	<result record="Actions_nb_uniq_pageviews">
		<row>
			<value>28</value>
		</row>
	</result>
	<result record="Actions_sum_time_generation">
		<row>
			<value>11</value>
		</row>
	</result>
	<result record="Actions_nb_hits_with_time_generation">
		<row>
			<value>16</value>
		</row>
	</result>
	<result record="Actions_nb_searches">
		<row>
			<value>0</value>
		</row>
	</result>
	<result record="Actions_nb_keywords">
		<row>
			<value>3</value>
		</row>
	</result>
</results>