<?xml version="1.0" encoding="utf-8" ?>
<results>
	<result record="CustomDimensions_Dimension2">
		<row>
			<col name="12">10</col>
			<col name="13">10</col>
			<col name="30">8</col>
			<col name="31">8</col>
			<col name="label">v1</col>
			<col name="2">19</col>
			<col name="6">17</col>
			<col name="15">25</col>
			<col name="19">10</col>
			<col name="20">7</col>
			<col name="21">4</col>
		</row>
		<row>
			<col name="12">6</col>
			<col name="13">6</col>
			<col name="30">5</col>
			<col name="31">5</col>
			<col name="label">v2</col>
			<col name="2">6</col>
			<col name="6">5</col>
			<col name="15">12</col>
			<col name="19">7</col>
			<col name="20">2</col>
			<col name="21">2</col>
		</row>
	</result>
	<result record="CustomDimensions_Dimension1">
		<row>
			<col name="1">8</col>
			<col name="2">7</col>
			<col name="3">6</col>
			<col name="5">5</col>
			<col name="6">4</col>
			<col name="7">3</col>
			<col name="8">2</col>
			<col name="9">1</col>
			<col name="10">
			</col>
			<col name="label">value 1</col>
		</row>
		<row>
			<col name="1">6</col>
			<col name="2">5</col>
			<col name="3">4</col>
			<col name="5">3</col>
			<col name="6">2</col>
			<col name="7">1</col>
			<col name="8">1</col>
			<col name="9">1</col>
			<col name="10">
			</col>
			<col name="label">value 2</col>
		</row>
	</result>
</results>