<?xml version="1.0" encoding="utf-8" ?>
<results>
	<result record="CustomDimensions_Dimension2">
		<row>
			<col name="12">8</col>
			<col name="13">8</col>
			<col name="30">8</col>
			<col name="31">8</col>
			<col name="label">v1</col>
			<col name="2">9</col>
			<col name="6">7</col>
			<col name="15">5</col>
			<col name="19">7</col>
			<col name="20">6</col>
			<col name="21">5</col>
		</row>
		<row>
			<col name="12">4</col>
			<col name="13">4</col>
			<col name="30">4</col>
			<col name="31">4</col>
			<col name="label">v2</col>
			<col name="2">6</col>
			<col name="6">5</col>
			<col name="15">2</col>
			<col name="19">4</col>
			<col name="20">3</col>
			<col name="21">2</col>
		</row>
	</result>
	<result record="CustomDimensions_Dimension1">
		<row>
			<col name="1">5</col>
			<col name="2">5</col>
			<col name="3">5</col>
			<col name="5">5</col>
			<col name="6">5</col>
			<col name="7">5</col>
			<col name="8">5</col>
			<col name="9">5</col>
			<col name="10">
			</col>
			<col name="label">value 1</col>
		</row>
		<row>
			<col name="1">3</col>
			<col name="2">3</col>
			<col name="3">3</col>
			<col name="5">3</col>
			<col name="6">3</col>
			<col name="7">1</col>
			<col name="8">1</col>
			<col name="9">1</col>
			<col name="10">
			</col>
			<col name="label">value 2</col>
		</row>
	</result>
</results>