<?xml version="1.0" encoding="utf-8" ?>
<results>
	<result record="CustomDimensions_Dimension2">
		<row>
			<col name="12">10</col>
			<col name="13">20</col>
			<col name="30">30</col>
			<col name="31">40</col>
			<col name="label">v1</col>
			<col name="2">8</col>
			<col name="6">3</col>
			<col name="15">6</col>
			<col name="19">9</col>
			<col name="20">3</col>
			<col name="21">1</col>
		</row>
		<row>
			<col name="12">1</col>
			<col name="13">2</col>
			<col name="30">3</col>
			<col name="31">4</col>
			<col name="label">v2</col>
			<col name="2">6</col>
			<col name="6">3</col>
			<col name="15">4</col>
			<col name="19">7</col>
			<col name="20">4</col>
			<col name="21">4</col>
		</row>
	</result>
	<result record="CustomDimensions_Dimension1">
		<row>
			<col name="1">4</col>
			<col name="2">6</col>
			<col name="3">3</col>
			<col name="5">2</col>
			<col name="6">2</col>
			<col name="7">1</col>
			<col name="8">1</col>
			<col name="9">3</col>
			<col name="10">
			</col>
			<col name="label">value 1</col>
		</row>
		<row>
			<col name="1">3</col>
			<col name="2">3</col>
			<col name="3">1</col>
			<col name="5">200</col>
			<col name="6">0</col>
			<col name="7">1</col>
			<col name="8">1</col>
			<col name="9">1</col>
			<col name="10">
			</col>
			<col name="label">value 2</col>
		</row>
	</result>
</results>