<?xml version="1.0" encoding="utf-8" ?>
<result>
	<row>
		<label>paladin</label>
		<nb_visits>130</nb_visits>
		<nb_actions>543</nb_actions>
		<sum_visit_length>7538</sum_visit_length>
		<bounce_count>14</bounce_count>
		<nb_visits_converted>47</nb_visits_converted>
		<nb_conversions>103</nb_conversions>
		<revenue>518434</revenue>
		<goals>
			<row idgoal='1'>
				<nb_conversions>27</nb_conversions>
				<revenue>0</revenue>
				<nb_visits_converted>25</nb_visits_converted>
			</row>
			<row idgoal='2'>
				<nb_conversions>21</nb_conversions>
				<revenue>0</revenue>
				<nb_visits_converted>19</nb_visits_converted>
			</row>
			<row idgoal='3'>
				<nb_conversions>1</nb_conversions>
				<revenue>0</revenue>
				<nb_visits_converted>1</nb_visits_converted>
			</row>
			<row idgoal='4'>
				<nb_conversions>0</nb_conversions>
				<revenue>0</revenue>
				<nb_visits_converted>0</nb_visits_converted>
			</row>
			<row idgoal='5'>
				<nb_conversions>0</nb_conversions>
				<revenue>0</revenue>
				<nb_visits_converted>0</nb_visits_converted>
			</row>
			<row idgoal='ecommerceOrder'>
				<nb_conversions>54</nb_conversions>
				<revenue>518434</revenue>
				<items>371</items>
			</row>
		</goals>
		<sum_daily_nb_uniq_visitors>74</sum_daily_nb_uniq_visitors>
		<avg_bandwidth>0</avg_bandwidth>
		<avg_time_on_site>58</avg_time_on_site>
		<bounce_rate>11%</bounce_rate>
		<nb_actions_per_visit>4.2</nb_actions_per_visit>
		<segment>dimension4==paladin</segment>
	</row>
	<row>
		<label>warrior</label>
		<nb_visits>125</nb_visits>
		<nb_actions>474</nb_actions>
		<sum_visit_length>2619</sum_visit_length>
		<bounce_count>26</bounce_count>
		<nb_visits_converted>44</nb_visits_converted>
		<nb_conversions>91</nb_conversions>
		<revenue>374292</revenue>
		<goals>
			<row idgoal='1'>
				<nb_conversions>26</nb_conversions>
				<revenue>0</revenue>
				<nb_visits_converted>24</nb_visits_converted>
			</row>
			<row idgoal='2'>
				<nb_conversions>19</nb_conversions>
				<revenue>0</revenue>
				<nb_visits_converted>16</nb_visits_converted>
			</row>
			<row idgoal='3'>
				<nb_conversions>0</nb_conversions>
				<revenue>0</revenue>
				<nb_visits_converted>0</nb_visits_converted>
			</row>
			<row idgoal='4'>
				<nb_conversions>0</nb_conversions>
				<revenue>0</revenue>
				<nb_visits_converted>0</nb_visits_converted>
			</row>
			<row idgoal='5'>
				<nb_conversions>0</nb_conversions>
				<revenue>0</revenue>
				<nb_visits_converted>0</nb_visits_converted>
			</row>
			<row idgoal='ecommerceOrder'>
				<nb_conversions>46</nb_conversions>
				<revenue>374292</revenue>
				<items>298</items>
			</row>
		</goals>
		<sum_daily_nb_uniq_visitors>81</sum_daily_nb_uniq_visitors>
		<avg_bandwidth>0</avg_bandwidth>
		<avg_time_on_site>21</avg_time_on_site>
		<bounce_rate>21%</bounce_rate>
		<nb_actions_per_visit>3.8</nb_actions_per_visit>
		<segment>dimension4==warrior</segment>
	</row>
	<row>
		<label>priest</label>
		<nb_visits>121</nb_visits>
		<nb_actions>476</nb_actions>
		<sum_visit_length>5258</sum_visit_length>
		<bounce_count>18</bounce_count>
		<nb_visits_converted>36</nb_visits_converted>
		<nb_conversions>82</nb_conversions>
		<revenue>411663</revenue>
		<goals>
			<row idgoal='1'>
				<nb_conversions>17</nb_conversions>
				<revenue>0</revenue>
				<nb_visits_converted>15</nb_visits_converted>
			</row>
			<row idgoal='2'>
				<nb_conversions>20</nb_conversions>
				<revenue>0</revenue>
				<nb_visits_converted>18</nb_visits_converted>
			</row>
			<row idgoal='3'>
				<nb_conversions>2</nb_conversions>
				<revenue>0</revenue>
				<nb_visits_converted>1</nb_visits_converted>
			</row>
			<row idgoal='4'>
				<nb_conversions>0</nb_conversions>
				<revenue>0</revenue>
				<nb_visits_converted>0</nb_visits_converted>
			</row>
			<row idgoal='5'>
				<nb_conversions>0</nb_conversions>
				<revenue>0</revenue>
				<nb_visits_converted>0</nb_visits_converted>
			</row>
			<row idgoal='ecommerceOrder'>
				<nb_conversions>43</nb_conversions>
				<revenue>411663</revenue>
				<items>298</items>
			</row>
		</goals>
		<sum_daily_nb_uniq_visitors>74</sum_daily_nb_uniq_visitors>
		<avg_bandwidth>0</avg_bandwidth>
		<avg_time_on_site>43</avg_time_on_site>
		<bounce_rate>15%</bounce_rate>
		<nb_actions_per_visit>3.9</nb_actions_per_visit>
		<segment>dimension4==priest</segment>
	</row>
	<row>
		<label>rogue</label>
		<nb_visits>120</nb_visits>
		<nb_actions>461</nb_actions>
		<sum_visit_length>3463</sum_visit_length>
		<bounce_count>26</bounce_count>
		<nb_visits_converted>32</nb_visits_converted>
		<nb_conversions>76</nb_conversions>
		<revenue>405582</revenue>
		<goals>
			<row idgoal='1'>
				<nb_conversions>20</nb_conversions>
				<revenue>0</revenue>
				<nb_visits_converted>19</nb_visits_converted>
			</row>
			<row idgoal='2'>
				<nb_conversions>14</nb_conversions>
				<revenue>0</revenue>
				<nb_visits_converted>14</nb_visits_converted>
			</row>
			<row idgoal='3'>
				<nb_conversions>0</nb_conversions>
				<revenue>0</revenue>
				<nb_visits_converted>0</nb_visits_converted>
			</row>
			<row idgoal='4'>
				<nb_conversions>0</nb_conversions>
				<revenue>0</revenue>
				<nb_visits_converted>0</nb_visits_converted>
			</row>
			<row idgoal='5'>
				<nb_conversions>0</nb_conversions>
				<revenue>0</revenue>
				<nb_visits_converted>0</nb_visits_converted>
			</row>
			<row idgoal='ecommerceOrder'>
				<nb_conversions>42</nb_conversions>
				<revenue>405582</revenue>
				<items>315</items>
			</row>
		</goals>
		<sum_daily_nb_uniq_visitors>72</sum_daily_nb_uniq_visitors>
		<avg_bandwidth>0</avg_bandwidth>
		<avg_time_on_site>29</avg_time_on_site>
		<bounce_rate>22%</bounce_rate>
		<nb_actions_per_visit>3.8</nb_actions_per_visit>
		<segment>dimension4==rogue</segment>
	</row>
	<row>
		<label>ranger</label>
		<nb_visits>96</nb_visits>
		<nb_actions>323</nb_actions>
		<sum_visit_length>1874</sum_visit_length>
		<bounce_count>20</bounce_count>
		<nb_visits_converted>27</nb_visits_converted>
		<nb_conversions>57</nb_conversions>
		<revenue>212257</revenue>
		<goals>
			<row idgoal='1'>
				<nb_conversions>13</nb_conversions>
				<revenue>0</revenue>
				<nb_visits_converted>13</nb_visits_converted>
			</row>
			<row idgoal='2'>
				<nb_conversions>15</nb_conversions>
				<revenue>0</revenue>
				<nb_visits_converted>14</nb_visits_converted>
			</row>
			<row idgoal='3'>
				<nb_conversions>0</nb_conversions>
				<revenue>0</revenue>
				<nb_visits_converted>0</nb_visits_converted>
			</row>
			<row idgoal='4'>
				<nb_conversions>0</nb_conversions>
				<revenue>0</revenue>
				<nb_visits_converted>0</nb_visits_converted>
			</row>
			<row idgoal='5'>
				<nb_conversions>0</nb_conversions>
				<revenue>0</revenue>
				<nb_visits_converted>0</nb_visits_converted>
			</row>
			<row idgoal='ecommerceOrder'>
				<nb_conversions>29</nb_conversions>
				<revenue>212257</revenue>
				<items>154</items>
			</row>
		</goals>
		<sum_daily_nb_uniq_visitors>63</sum_daily_nb_uniq_visitors>
		<avg_bandwidth>0</avg_bandwidth>
		<avg_time_on_site>20</avg_time_on_site>
		<bounce_rate>21%</bounce_rate>
		<nb_actions_per_visit>3.4</nb_actions_per_visit>
		<segment>dimension4==ranger</segment>
	</row>
</result>