<?xml version="1.0" encoding="utf-8" ?>
<result>
	<row>
		<label>1 visit</label>
		<nb_visits>147</nb_visits>
		<nb_actions>250</nb_actions>
		<sum_visit_length>11223</sum_visit_length>
		<bounce_count>104</bounce_count>
		<nb_visits_converted>24</nb_visits_converted>
		<nb_conversions>33</nb_conversions>
		<revenue>58199</revenue>
		<goals>
			<row idgoal='1'>
				<nb_conversions>14</nb_conversions>
				<revenue>0</revenue>
				<nb_visits_converted>12</nb_visits_converted>
			</row>
			<row idgoal='2'>
				<nb_conversions>7</nb_conversions>
				<revenue>0</revenue>
				<nb_visits_converted>5</nb_visits_converted>
			</row>
			<row idgoal='3'>
				<nb_conversions>6</nb_conversions>
				<revenue>0</revenue>
				<nb_visits_converted>4</nb_visits_converted>
			</row>
			<row idgoal='4'>
				<nb_conversions>0</nb_conversions>
				<revenue>0</revenue>
				<nb_visits_converted>0</nb_visits_converted>
			</row>
			<row idgoal='5'>
				<nb_conversions>0</nb_conversions>
				<revenue>0</revenue>
				<nb_visits_converted>0</nb_visits_converted>
			</row>
			<row idgoal='ecommerceOrder'>
				<nb_conversions>6</nb_conversions>
				<revenue>58199</revenue>
				<items>33</items>
			</row>
		</goals>
		<sum_daily_nb_uniq_visitors>147</sum_daily_nb_uniq_visitors>
		<nb_visits_percentage>22%</nb_visits_percentage>
		<segment>visitCount==1</segment>
	</row>
	<row>
		<label>2 visits</label>
		<nb_visits>29</nb_visits>
		<nb_actions>107</nb_actions>
		<sum_visit_length>167</sum_visit_length>
		<bounce_count>8</bounce_count>
		<nb_visits_converted>2</nb_visits_converted>
		<nb_conversions>13</nb_conversions>
		<revenue>76261</revenue>
		<goals>
			<row idgoal='1'>
				<nb_conversions>1</nb_conversions>
				<revenue>0</revenue>
				<nb_visits_converted>1</nb_visits_converted>
			</row>
			<row idgoal='2'>
				<nb_conversions>3</nb_conversions>
				<revenue>0</revenue>
				<nb_visits_converted>1</nb_visits_converted>
			</row>
			<row idgoal='3'>
				<nb_conversions>0</nb_conversions>
				<revenue>0</revenue>
				<nb_visits_converted>0</nb_visits_converted>
			</row>
			<row idgoal='4'>
				<nb_conversions>0</nb_conversions>
				<revenue>0</revenue>
				<nb_visits_converted>0</nb_visits_converted>
			</row>
			<row idgoal='5'>
				<nb_conversions>0</nb_conversions>
				<revenue>0</revenue>
				<nb_visits_converted>0</nb_visits_converted>
			</row>
			<row idgoal='ecommerceOrder'>
				<nb_conversions>9</nb_conversions>
				<revenue>76261</revenue>
				<items>35</items>
			</row>
		</goals>
		<sum_daily_nb_uniq_visitors>29</sum_daily_nb_uniq_visitors>
		<nb_visits_percentage>4%</nb_visits_percentage>
		<segment>visitCount==2</segment>
	</row>
	<row>
		<label>3 visits</label>
		<nb_visits>26</nb_visits>
		<nb_actions>124</nb_actions>
		<sum_visit_length>489</sum_visit_length>
		<bounce_count>2</bounce_count>
		<nb_visits_converted>4</nb_visits_converted>
		<nb_conversions>16</nb_conversions>
		<revenue>111859</revenue>
		<goals>
			<row idgoal='1'>
				<nb_conversions>2</nb_conversions>
				<revenue>0</revenue>
				<nb_visits_converted>2</nb_visits_converted>
			</row>
			<row idgoal='2'>
				<nb_conversions>2</nb_conversions>
				<revenue>0</revenue>
				<nb_visits_converted>2</nb_visits_converted>
			</row>
			<row idgoal='3'>
				<nb_conversions>0</nb_conversions>
				<revenue>0</revenue>
				<nb_visits_converted>0</nb_visits_converted>
			</row>
			<row idgoal='4'>
				<nb_conversions>0</nb_conversions>
				<revenue>0</revenue>
				<nb_visits_converted>0</nb_visits_converted>
			</row>
			<row idgoal='5'>
				<nb_conversions>0</nb_conversions>
				<revenue>0</revenue>
				<nb_visits_converted>0</nb_visits_converted>
			</row>
			<row idgoal='ecommerceOrder'>
				<nb_conversions>12</nb_conversions>
				<revenue>111859</revenue>
				<items>68</items>
			</row>
		</goals>
		<sum_daily_nb_uniq_visitors>26</sum_daily_nb_uniq_visitors>
		<nb_visits_percentage>4%</nb_visits_percentage>
		<segment>visitCount==3</segment>
	</row>
	<row>
		<label>4 visits</label>
		<nb_visits>25</nb_visits>
		<nb_actions>93</nb_actions>
		<sum_visit_length>156</sum_visit_length>
		<bounce_count>2</bounce_count>
		<nb_visits_converted>4</nb_visits_converted>
		<nb_conversions>11</nb_conversions>
		<revenue>86244</revenue>
		<goals>
			<row idgoal='1'>
				<nb_conversions>2</nb_conversions>
				<revenue>0</revenue>
				<nb_visits_converted>2</nb_visits_converted>
			</row>
			<row idgoal='2'>
				<nb_conversions>2</nb_conversions>
				<revenue>0</revenue>
				<nb_visits_converted>1</nb_visits_converted>
			</row>
			<row idgoal='3'>
				<nb_conversions>0</nb_conversions>
				<revenue>0</revenue>
				<nb_visits_converted>0</nb_visits_converted>
			</row>
			<row idgoal='4'>
				<nb_conversions>0</nb_conversions>
				<revenue>0</revenue>
				<nb_visits_converted>0</nb_visits_converted>
			</row>
			<row idgoal='5'>
				<nb_conversions>0</nb_conversions>
				<revenue>0</revenue>
				<nb_visits_converted>0</nb_visits_converted>
			</row>
			<row idgoal='ecommerceOrder'>
				<nb_conversions>7</nb_conversions>
				<revenue>86244</revenue>
				<items>62</items>
			</row>
		</goals>
		<sum_daily_nb_uniq_visitors>25</sum_daily_nb_uniq_visitors>
		<nb_visits_percentage>4%</nb_visits_percentage>
		<segment>visitCount==4</segment>
	</row>
	<row>
		<label>5 visits</label>
		<nb_visits>25</nb_visits>
		<nb_actions>116</nb_actions>
		<sum_visit_length>94</sum_visit_length>
		<bounce_count>1</bounce_count>
		<nb_visits_converted>5</nb_visits_converted>
		<nb_conversions>16</nb_conversions>
		<revenue>132530</revenue>
		<goals>
			<row idgoal='1'>
				<nb_conversions>4</nb_conversions>
				<revenue>0</revenue>
				<nb_visits_converted>3</nb_visits_converted>
			</row>
			<row idgoal='2'>
				<nb_conversions>1</nb_conversions>
				<revenue>0</revenue>
				<nb_visits_converted>0</nb_visits_converted>
			</row>
			<row idgoal='3'>
				<nb_conversions>0</nb_conversions>
				<revenue>0</revenue>
				<nb_visits_converted>0</nb_visits_converted>
			</row>
			<row idgoal='4'>
				<nb_conversions>0</nb_conversions>
				<revenue>0</revenue>
				<nb_visits_converted>0</nb_visits_converted>
			</row>
			<row idgoal='5'>
				<nb_conversions>0</nb_conversions>
				<revenue>0</revenue>
				<nb_visits_converted>0</nb_visits_converted>
			</row>
			<row idgoal='ecommerceOrder'>
				<nb_conversions>11</nb_conversions>
				<revenue>132530</revenue>
				<items>104</items>
			</row>
		</goals>
		<sum_daily_nb_uniq_visitors>25</sum_daily_nb_uniq_visitors>
		<nb_visits_percentage>4%</nb_visits_percentage>
		<segment>visitCount==5</segment>
	</row>
	<row>
		<label>6 visits</label>
		<nb_visits>25</nb_visits>
		<nb_actions>124</nb_actions>
		<sum_visit_length>1058</sum_visit_length>
		<bounce_count>1</bounce_count>
		<nb_visits_converted>5</nb_visits_converted>
		<nb_conversions>15</nb_conversions>
		<revenue>128706</revenue>
		<goals>
			<row idgoal='1'>
				<nb_conversions>5</nb_conversions>
				<revenue>0</revenue>
				<nb_visits_converted>5</nb_visits_converted>
			</row>
			<row idgoal='2'>
				<nb_conversions>1</nb_conversions>
				<revenue>0</revenue>
				<nb_visits_converted>0</nb_visits_converted>
			</row>
			<row idgoal='3'>
				<nb_conversions>0</nb_conversions>
				<revenue>0</revenue>
				<nb_visits_converted>0</nb_visits_converted>
			</row>
			<row idgoal='4'>
				<nb_conversions>0</nb_conversions>
				<revenue>0</revenue>
				<nb_visits_converted>0</nb_visits_converted>
			</row>
			<row idgoal='5'>
				<nb_conversions>0</nb_conversions>
				<revenue>0</revenue>
				<nb_visits_converted>0</nb_visits_converted>
			</row>
			<row idgoal='ecommerceOrder'>
				<nb_conversions>9</nb_conversions>
				<revenue>128706</revenue>
				<items>90</items>
			</row>
		</goals>
		<sum_daily_nb_uniq_visitors>25</sum_daily_nb_uniq_visitors>
		<nb_visits_percentage>4%</nb_visits_percentage>
		<segment>visitCount==6</segment>
	</row>
	<row>
		<label>7 visits</label>
		<nb_visits>25</nb_visits>
		<nb_actions>119</nb_actions>
		<sum_visit_length>569</sum_visit_length>
		<bounce_count>6</bounce_count>
		<nb_visits_converted>5</nb_visits_converted>
		<nb_conversions>16</nb_conversions>
		<revenue>121942</revenue>
		<goals>
			<row idgoal='1'>
				<nb_conversions>2</nb_conversions>
				<revenue>0</revenue>
				<nb_visits_converted>2</nb_visits_converted>
			</row>
			<row idgoal='2'>
				<nb_conversions>3</nb_conversions>
				<revenue>0</revenue>
				<nb_visits_converted>3</nb_visits_converted>
			</row>
			<row idgoal='3'>
				<nb_conversions>0</nb_conversions>
				<revenue>0</revenue>
				<nb_visits_converted>0</nb_visits_converted>
			</row>
			<row idgoal='4'>
				<nb_conversions>0</nb_conversions>
				<revenue>0</revenue>
				<nb_visits_converted>0</nb_visits_converted>
			</row>
			<row idgoal='5'>
				<nb_conversions>0</nb_conversions>
				<revenue>0</revenue>
				<nb_visits_converted>0</nb_visits_converted>
			</row>
			<row idgoal='ecommerceOrder'>
				<nb_conversions>11</nb_conversions>
				<revenue>121942</revenue>
				<items>98</items>
			</row>
		</goals>
		<sum_daily_nb_uniq_visitors>25</sum_daily_nb_uniq_visitors>
		<nb_visits_percentage>4%</nb_visits_percentage>
		<segment>visitCount==7</segment>
	</row>
	<row>
		<label>8 visits</label>
		<nb_visits>25</nb_visits>
		<nb_actions>104</nb_actions>
		<sum_visit_length>2073</sum_visit_length>
		<bounce_count>4</bounce_count>
		<nb_visits_converted>5</nb_visits_converted>
		<nb_conversions>12</nb_conversions>
		<revenue>88229</revenue>
		<goals>
			<row idgoal='1'>
				<nb_conversions>3</nb_conversions>
				<revenue>0</revenue>
				<nb_visits_converted>3</nb_visits_converted>
			</row>
			<row idgoal='2'>
				<nb_conversions>2</nb_conversions>
				<revenue>0</revenue>
				<nb_visits_converted>2</nb_visits_converted>
			</row>
			<row idgoal='3'>
				<nb_conversions>0</nb_conversions>
				<revenue>0</revenue>
				<nb_visits_converted>0</nb_visits_converted>
			</row>
			<row idgoal='4'>
				<nb_conversions>0</nb_conversions>
				<revenue>0</revenue>
				<nb_visits_converted>0</nb_visits_converted>
			</row>
			<row idgoal='5'>
				<nb_conversions>0</nb_conversions>
				<revenue>0</revenue>
				<nb_visits_converted>0</nb_visits_converted>
			</row>
			<row idgoal='ecommerceOrder'>
				<nb_conversions>7</nb_conversions>
				<revenue>88229</revenue>
				<items>65</items>
			</row>
		</goals>
		<sum_daily_nb_uniq_visitors>25</sum_daily_nb_uniq_visitors>
		<nb_visits_percentage>4%</nb_visits_percentage>
		<segment>visitCount==8</segment>
	</row>
	<row>
		<label>9 - 14 visits</label>
		<nb_visits>150</nb_visits>
		<nb_actions>629</nb_actions>
		<sum_visit_length>7579</sum_visit_length>
		<bounce_count>16</bounce_count>
		<nb_visits_converted>47</nb_visits_converted>
		<nb_conversions>114</nb_conversions>
		<revenue>537783</revenue>
		<goals>
			<row idgoal='1'>
				<nb_conversions>25</nb_conversions>
				<revenue>0</revenue>
				<nb_visits_converted>20</nb_visits_converted>
			</row>
			<row idgoal='2'>
				<nb_conversions>27</nb_conversions>
				<revenue>0</revenue>
				<nb_visits_converted>24</nb_visits_converted>
			</row>
			<row idgoal='3'>
				<nb_conversions>0</nb_conversions>
				<revenue>0</revenue>
				<nb_visits_converted>0</nb_visits_converted>
			</row>
			<row idgoal='4'>
				<nb_conversions>0</nb_conversions>
				<revenue>0</revenue>
				<nb_visits_converted>0</nb_visits_converted>
			</row>
			<row idgoal='5'>
				<nb_conversions>0</nb_conversions>
				<revenue>0</revenue>
				<nb_visits_converted>0</nb_visits_converted>
			</row>
			<row idgoal='ecommerceOrder'>
				<nb_conversions>62</nb_conversions>
				<revenue>537783</revenue>
				<items>420</items>
			</row>
		</goals>
		<sum_daily_nb_uniq_visitors>150</sum_daily_nb_uniq_visitors>
		<nb_visits_percentage>22%</nb_visits_percentage>
		<segment>visitCount&gt;=9;visitCount&lt;=14</segment>
	</row>
	<row>
		<label>15 - 25 visits</label>
		<nb_visits>183</nb_visits>
		<nb_actions>675</nb_actions>
		<sum_visit_length>8398</sum_visit_length>
		<bounce_count>17</bounce_count>
		<nb_visits_converted>80</nb_visits_converted>
		<nb_conversions>159</nb_conversions>
		<revenue>544805</revenue>
		<goals>
			<row idgoal='1'>
				<nb_conversions>44</nb_conversions>
				<revenue>0</revenue>
				<nb_visits_converted>38</nb_visits_converted>
			</row>
			<row idgoal='2'>
				<nb_conversions>37</nb_conversions>
				<revenue>0</revenue>
				<nb_visits_converted>31</nb_visits_converted>
			</row>
			<row idgoal='3'>
				<nb_conversions>3</nb_conversions>
				<revenue>0</revenue>
				<nb_visits_converted>2</nb_visits_converted>
			</row>
			<row idgoal='4'>
				<nb_conversions>0</nb_conversions>
				<revenue>0</revenue>
				<nb_visits_converted>0</nb_visits_converted>
			</row>
			<row idgoal='5'>
				<nb_conversions>0</nb_conversions>
				<revenue>0</revenue>
				<nb_visits_converted>0</nb_visits_converted>
			</row>
			<row idgoal='ecommerceOrder'>
				<nb_conversions>75</nb_conversions>
				<revenue>544805</revenue>
				<items>431</items>
			</row>
		</goals>
		<sum_daily_nb_uniq_visitors>183</sum_daily_nb_uniq_visitors>
		<nb_visits_percentage>27%</nb_visits_percentage>
		<segment>visitCount&gt;=15;visitCount&lt;=25</segment>
	</row>
	<row>
		<label>26 - 50 visits</label>
		<nb_visits>20</nb_visits>
		<nb_actions>61</nb_actions>
		<sum_visit_length>219</sum_visit_length>
		<bounce_count>4</bounce_count>
		<nb_visits_converted>7</nb_visits_converted>
		<nb_conversions>13</nb_conversions>
		<revenue>40367</revenue>
		<goals>
			<row idgoal='1'>
				<nb_conversions>3</nb_conversions>
				<revenue>0</revenue>
				<nb_visits_converted>2</nb_visits_converted>
			</row>
			<row idgoal='2'>
				<nb_conversions>4</nb_conversions>
				<revenue>0</revenue>
				<nb_visits_converted>3</nb_visits_converted>
			</row>
			<row idgoal='3'>
				<nb_conversions>0</nb_conversions>
				<revenue>0</revenue>
				<nb_visits_converted>0</nb_visits_converted>
			</row>
			<row idgoal='4'>
				<nb_conversions>0</nb_conversions>
				<revenue>0</revenue>
				<nb_visits_converted>0</nb_visits_converted>
			</row>
			<row idgoal='5'>
				<nb_conversions>0</nb_conversions>
				<revenue>0</revenue>
				<nb_visits_converted>0</nb_visits_converted>
			</row>
			<row idgoal='ecommerceOrder'>
				<nb_conversions>6</nb_conversions>
				<revenue>40367</revenue>
				<items>33</items>
			</row>
		</goals>
		<sum_daily_nb_uniq_visitors>20</sum_daily_nb_uniq_visitors>
		<nb_visits_percentage>3%</nb_visits_percentage>
		<segment>visitCount&gt;=26;visitCount&lt;=50</segment>
	</row>
	<row>
		<label>51 - 100 visits</label>
		<nb_visits_percentage>0%</nb_visits_percentage>
		<segment>visitCount&gt;=51;visitCount&lt;=100</segment>
	</row>
	<row>
		<label>101 - 200 visits</label>
		<nb_visits_percentage>0%</nb_visits_percentage>
		<segment>visitCount&gt;=101;visitCount&lt;=200</segment>
	</row>
	<row>
		<label>201+ visits</label>
		<nb_visits>0</nb_visits>
		<nb_visits_percentage>0%</nb_visits_percentage>
		<segment>visitCount&gt;=201</segment>
	</row>
	<row>
		<label>1 visit</label>
		<nb_visits>1</nb_visits>
		<nb_visits_percentage>0%</nb_visits_percentage>
		<segment>visitCount==1</segment>
	</row>
	<row>
		<label>2 visits</label>
		<nb_visits>0</nb_visits>
		<nb_visits_percentage>0%</nb_visits_percentage>
		<segment>visitCount==2</segment>
	</row>
	<row>
		<label>3 visits</label>
		<nb_visits>0</nb_visits>
		<nb_visits_percentage>0%</nb_visits_percentage>
		<segment>visitCount==3</segment>
	</row>
	<row>
		<label>4 visits</label>
		<nb_visits>0</nb_visits>
		<nb_visits_percentage>0%</nb_visits_percentage>
		<segment>visitCount==4</segment>
	</row>
	<row>
		<label>5 visits</label>
		<nb_visits>0</nb_visits>
		<nb_visits_percentage>0%</nb_visits_percentage>
		<segment>visitCount==5</segment>
	</row>
	<row>
		<label>6 visits</label>
		<nb_visits>0</nb_visits>
		<nb_visits_percentage>0%</nb_visits_percentage>
		<segment>visitCount==6</segment>
	</row>
	<row>
		<label>7 visits</label>
		<nb_visits>0</nb_visits>
		<nb_visits_percentage>0%</nb_visits_percentage>
		<segment>visitCount==7</segment>
	</row>
	<row>
		<label>8 visits</label>
		<nb_visits>0</nb_visits>
		<nb_visits_percentage>0%</nb_visits_percentage>
		<segment>visitCount==8</segment>
	</row>
	<row>
		<label>9-14 visits</label>
		<nb_visits>0</nb_visits>
		<nb_visits_percentage>0%</nb_visits_percentage>
		<segment>visitCount&gt;=9;visitCount&lt;=14</segment>
	</row>
	<row>
		<label>15-25 visits</label>
		<nb_visits>0</nb_visits>
		<nb_visits_percentage>0%</nb_visits_percentage>
		<segment>visitCount&gt;=15;visitCount&lt;=25</segment>
	</row>
	<row>
		<label>26-50 visits</label>
		<nb_visits>0</nb_visits>
		<nb_visits_percentage>0%</nb_visits_percentage>
		<segment>visitCount&gt;=26;visitCount&lt;=50</segment>
	</row>
	<row>
		<label>51-100 visits</label>
		<nb_visits>0</nb_visits>
		<nb_visits_percentage>0%</nb_visits_percentage>
		<segment>visitCount&gt;=51;visitCount&lt;=100</segment>
	</row>
	<row>
		<label>101-200 visits</label>
		<nb_visits>0</nb_visits>
		<nb_visits_percentage>0%</nb_visits_percentage>
		<segment>visitCount&gt;=101;visitCount&lt;=200</segment>
	</row>
</result>