<?xml version="1.0" encoding="utf-8" ?>
<result>16 min 7s</result>