<?xml version="1.0" encoding="utf-8" ?>
<result>
	<row>
		<idcustomdimension>1</idcustomdimension>
		<idsite>1</idsite>
		<name>test chstm </name>
		<index>1</index>
		<scope>action</scope>
		<active>0</active>
		<extractions>
		</extractions>
		<case_sensitive>1</case_sensitive>
	</row>
	<row>
		<idcustomdimension>2</idcustomdimension>
		<idsite>1</idsite>
		<name>test</name>
		<index>2</index>
		<scope>action</scope>
		<active>0</active>
		<extractions>
		</extractions>
		<case_sensitive>1</case_sensitive>
	</row>
	<row>
		<idcustomdimension>3</idcustomdimension>
		<idsite>1</idsite>
		<name>test</name>
		<index>3</index>
		<scope>action</scope>
		<active>0</active>
		<extractions>
		</extractions>
		<case_sensitive>1</case_sensitive>
	</row>
	<row>
		<idcustomdimension>4</idcustomdimension>
		<idsite>1</idsite>
		<name>userType</name>
		<index>1</index>
		<scope>visit</scope>
		<active>1</active>
		<extractions>
		</extractions>
		<case_sensitive>1</case_sensitive>
	</row>
	<row>
		<idcustomdimension>5</idcustomdimension>
		<idsite>1</idsite>
		<name>happinessLevel</name>
		<index>2</index>
		<scope>visit</scope>
		<active>1</active>
		<extractions>
		</extractions>
		<case_sensitive>1</case_sensitive>
	</row>
	<row>
		<idcustomdimension>6</idcustomdimension>
		<idsite>1</idsite>
		<name>recommendedLevel</name>
		<index>4</index>
		<scope>action</scope>
		<active>1</active>
		<extractions>
		</extractions>
		<case_sensitive>1</case_sensitive>
	</row>
	<row>
		<idcustomdimension>7</idcustomdimension>
		<idsite>1</idsite>
		<name>ga:networkLocation</name>
		<index>3</index>
		<scope>visit</scope>
		<active>1</active>
		<extractions>
		</extractions>
		<case_sensitive>1</case_sensitive>
	</row>
</result>
