<?xml version="1.0" encoding="utf-8" ?>
<result>
	<nb_uniq_visitors>4</nb_uniq_visitors>
	<nb_users>0</nb_users>
	<nb_visits>6</nb_visits>
	<nb_actions>26</nb_actions>
	<nb_visits_converted>0</nb_visits_converted>
	<bounce_count>2</bounce_count>
	<sum_visit_length>26</sum_visit_length>
	<max_actions>0</max_actions>
	<bounce_rate>33%</bounce_rate>
	<nb_actions_per_visit>4.3</nb_actions_per_visit>
	<avg_time_on_site>4</avg_time_on_site>
</result>