<?xml version="1.0" encoding="utf-8" ?>
<result>
	<row>
		<label>viridian</label>
		<nb_visits>121</nb_visits>
		<nb_actions>121</nb_actions>
		<sum_visit_length>4958</sum_visit_length>
		<bounce_count>0</bounce_count>
		<nb_visits_converted>0</nb_visits_converted>
		<nb_conversions>57</nb_conversions>
		<revenue>439384</revenue>
		<goals>
			<row idgoal='1'>
				<nb_conversions>0</nb_conversions>
				<revenue>0</revenue>
				<nb_visits_converted>0</nb_visits_converted>
			</row>
			<row idgoal='2'>
				<nb_conversions>0</nb_conversions>
				<revenue>0</revenue>
				<nb_visits_converted>0</nb_visits_converted>
			</row>
			<row idgoal='3'>
				<nb_conversions>0</nb_conversions>
				<revenue>0</revenue>
				<nb_visits_converted>0</nb_visits_converted>
			</row>
			<row idgoal='4'>
				<nb_conversions>0</nb_conversions>
				<revenue>0</revenue>
				<nb_visits_converted>0</nb_visits_converted>
			</row>
			<row idgoal='5'>
				<nb_conversions>0</nb_conversions>
				<revenue>0</revenue>
				<nb_visits_converted>0</nb_visits_converted>
			</row>
			<row idgoal='ecommerceOrder'>
				<nb_conversions>57</nb_conversions>
				<revenue>439384</revenue>
				<items>0</items>
			</row>
		</goals>
		<nb_events>121</nb_events>
		<sum_event_value>30802</sum_event_value>
		<sum_daily_nb_uniq_visitors>120</sum_daily_nb_uniq_visitors>
		<avg_event_value>0</avg_event_value>
		<segment>eventCategory==viridian</segment>
		<subtable>
			<row>
				<label>izuna drop</label>
				<nb_visits>26</nb_visits>
				<nb_actions>26</nb_actions>
				<sum_visit_length>1334</sum_visit_length>
				<bounce_count>0</bounce_count>
				<nb_visits_converted>0</nb_visits_converted>
				<nb_conversions>15</nb_conversions>
				<revenue>97550</revenue>
				<goals>
					<row idgoal='1'>
						<nb_conversions>0</nb_conversions>
						<revenue>0</revenue>
						<nb_visits_converted>0</nb_visits_converted>
					</row>
					<row idgoal='2'>
						<nb_conversions>0</nb_conversions>
						<revenue>0</revenue>
						<nb_visits_converted>0</nb_visits_converted>
					</row>
					<row idgoal='3'>
						<nb_conversions>0</nb_conversions>
						<revenue>0</revenue>
						<nb_visits_converted>0</nb_visits_converted>
					</row>
					<row idgoal='4'>
						<nb_conversions>0</nb_conversions>
						<revenue>0</revenue>
						<nb_visits_converted>0</nb_visits_converted>
					</row>
					<row idgoal='5'>
						<nb_conversions>0</nb_conversions>
						<revenue>0</revenue>
						<nb_visits_converted>0</nb_visits_converted>
					</row>
					<row idgoal='ecommerceOrder'>
						<nb_conversions>15</nb_conversions>
						<revenue>97550</revenue>
						<items>0</items>
					</row>
				</goals>
				<nb_events>26</nb_events>
				<sum_event_value>7369</sum_event_value>
				<sum_daily_nb_uniq_visitors>25</sum_daily_nb_uniq_visitors>
				<avg_event_value>0</avg_event_value>
			</row>
			<row>
				<label>dragon punch</label>
				<nb_visits>23</nb_visits>
				<nb_actions>23</nb_actions>
				<sum_visit_length>1883</sum_visit_length>
				<bounce_count>0</bounce_count>
				<nb_visits_converted>0</nb_visits_converted>
				<nb_conversions>7</nb_conversions>
				<revenue>62646</revenue>
				<goals>
					<row idgoal='1'>
						<nb_conversions>0</nb_conversions>
						<revenue>0</revenue>
						<nb_visits_converted>0</nb_visits_converted>
					</row>
					<row idgoal='2'>
						<nb_conversions>0</nb_conversions>
						<revenue>0</revenue>
						<nb_visits_converted>0</nb_visits_converted>
					</row>
					<row idgoal='3'>
						<nb_conversions>0</nb_conversions>
						<revenue>0</revenue>
						<nb_visits_converted>0</nb_visits_converted>
					</row>
					<row idgoal='4'>
						<nb_conversions>0</nb_conversions>
						<revenue>0</revenue>
						<nb_visits_converted>0</nb_visits_converted>
					</row>
					<row idgoal='5'>
						<nb_conversions>0</nb_conversions>
						<revenue>0</revenue>
						<nb_visits_converted>0</nb_visits_converted>
					</row>
					<row idgoal='ecommerceOrder'>
						<nb_conversions>7</nb_conversions>
						<revenue>62646</revenue>
						<items>0</items>
					</row>
				</goals>
				<nb_events>23</nb_events>
				<sum_event_value>6431</sum_event_value>
				<sum_daily_nb_uniq_visitors>23</sum_daily_nb_uniq_visitors>
				<avg_event_value>0</avg_event_value>
			</row>
			<row>
				<label>uppercut</label>
				<nb_visits>23</nb_visits>
				<nb_actions>23</nb_actions>
				<sum_visit_length>343</sum_visit_length>
				<bounce_count>0</bounce_count>
				<nb_visits_converted>0</nb_visits_converted>
				<nb_conversions>12</nb_conversions>
				<revenue>91450</revenue>
				<goals>
					<row idgoal='1'>
						<nb_conversions>0</nb_conversions>
						<revenue>0</revenue>
						<nb_visits_converted>0</nb_visits_converted>
					</row>
					<row idgoal='2'>
						<nb_conversions>0</nb_conversions>
						<revenue>0</revenue>
						<nb_visits_converted>0</nb_visits_converted>
					</row>
					<row idgoal='3'>
						<nb_conversions>0</nb_conversions>
						<revenue>0</revenue>
						<nb_visits_converted>0</nb_visits_converted>
					</row>
					<row idgoal='4'>
						<nb_conversions>0</nb_conversions>
						<revenue>0</revenue>
						<nb_visits_converted>0</nb_visits_converted>
					</row>
					<row idgoal='5'>
						<nb_conversions>0</nb_conversions>
						<revenue>0</revenue>
						<nb_visits_converted>0</nb_visits_converted>
					</row>
					<row idgoal='ecommerceOrder'>
						<nb_conversions>12</nb_conversions>
						<revenue>91450</revenue>
						<items>0</items>
					</row>
				</goals>
				<nb_events>23</nb_events>
				<sum_event_value>5981</sum_event_value>
				<sum_daily_nb_uniq_visitors>23</sum_daily_nb_uniq_visitors>
				<avg_event_value>0</avg_event_value>
			</row>
			<row>
				<label>falcon punch</label>
				<nb_visits>19</nb_visits>
				<nb_actions>19</nb_actions>
				<sum_visit_length>474</sum_visit_length>
				<bounce_count>0</bounce_count>
				<nb_visits_converted>0</nb_visits_converted>
				<nb_conversions>6</nb_conversions>
				<revenue>52198</revenue>
				<goals>
					<row idgoal='1'>
						<nb_conversions>0</nb_conversions>
						<revenue>0</revenue>
						<nb_visits_converted>0</nb_visits_converted>
					</row>
					<row idgoal='2'>
						<nb_conversions>0</nb_conversions>
						<revenue>0</revenue>
						<nb_visits_converted>0</nb_visits_converted>
					</row>
					<row idgoal='3'>
						<nb_conversions>0</nb_conversions>
						<revenue>0</revenue>
						<nb_visits_converted>0</nb_visits_converted>
					</row>
					<row idgoal='4'>
						<nb_conversions>0</nb_conversions>
						<revenue>0</revenue>
						<nb_visits_converted>0</nb_visits_converted>
					</row>
					<row idgoal='5'>
						<nb_conversions>0</nb_conversions>
						<revenue>0</revenue>
						<nb_visits_converted>0</nb_visits_converted>
					</row>
					<row idgoal='ecommerceOrder'>
						<nb_conversions>6</nb_conversions>
						<revenue>52198</revenue>
						<items>0</items>
					</row>
				</goals>
				<nb_events>19</nb_events>
				<sum_event_value>4727</sum_event_value>
				<sum_daily_nb_uniq_visitors>19</sum_daily_nb_uniq_visitors>
				<avg_event_value>0</avg_event_value>
			</row>
			<row>
				<label>spear throw</label>
				<nb_visits>19</nb_visits>
				<nb_actions>19</nb_actions>
				<sum_visit_length>639</sum_visit_length>
				<bounce_count>0</bounce_count>
				<nb_visits_converted>0</nb_visits_converted>
				<nb_conversions>11</nb_conversions>
				<revenue>101349</revenue>
				<goals>
					<row idgoal='1'>
						<nb_conversions>0</nb_conversions>
						<revenue>0</revenue>
						<nb_visits_converted>0</nb_visits_converted>
					</row>
					<row idgoal='2'>
						<nb_conversions>0</nb_conversions>
						<revenue>0</revenue>
						<nb_visits_converted>0</nb_visits_converted>
					</row>
					<row idgoal='3'>
						<nb_conversions>0</nb_conversions>
						<revenue>0</revenue>
						<nb_visits_converted>0</nb_visits_converted>
					</row>
					<row idgoal='4'>
						<nb_conversions>0</nb_conversions>
						<revenue>0</revenue>
						<nb_visits_converted>0</nb_visits_converted>
					</row>
					<row idgoal='5'>
						<nb_conversions>0</nb_conversions>
						<revenue>0</revenue>
						<nb_visits_converted>0</nb_visits_converted>
					</row>
					<row idgoal='ecommerceOrder'>
						<nb_conversions>11</nb_conversions>
						<revenue>101349</revenue>
						<items>0</items>
					</row>
				</goals>
				<nb_events>19</nb_events>
				<sum_event_value>3877</sum_event_value>
				<sum_daily_nb_uniq_visitors>19</sum_daily_nb_uniq_visitors>
				<avg_event_value>0</avg_event_value>
			</row>
			<row>
				<label>burn knuckle</label>
				<nb_visits>11</nb_visits>
				<nb_actions>11</nb_actions>
				<sum_visit_length>285</sum_visit_length>
				<bounce_count>0</bounce_count>
				<nb_visits_converted>0</nb_visits_converted>
				<nb_conversions>6</nb_conversions>
				<revenue>34191</revenue>
				<goals>
					<row idgoal='1'>
						<nb_conversions>0</nb_conversions>
						<revenue>0</revenue>
						<nb_visits_converted>0</nb_visits_converted>
					</row>
					<row idgoal='2'>
						<nb_conversions>0</nb_conversions>
						<revenue>0</revenue>
						<nb_visits_converted>0</nb_visits_converted>
					</row>
					<row idgoal='3'>
						<nb_conversions>0</nb_conversions>
						<revenue>0</revenue>
						<nb_visits_converted>0</nb_visits_converted>
					</row>
					<row idgoal='4'>
						<nb_conversions>0</nb_conversions>
						<revenue>0</revenue>
						<nb_visits_converted>0</nb_visits_converted>
					</row>
					<row idgoal='5'>
						<nb_conversions>0</nb_conversions>
						<revenue>0</revenue>
						<nb_visits_converted>0</nb_visits_converted>
					</row>
					<row idgoal='ecommerceOrder'>
						<nb_conversions>6</nb_conversions>
						<revenue>34191</revenue>
						<items>0</items>
					</row>
				</goals>
				<nb_events>11</nb_events>
				<sum_event_value>2417</sum_event_value>
				<sum_daily_nb_uniq_visitors>11</sum_daily_nb_uniq_visitors>
				<avg_event_value>0</avg_event_value>
			</row>
		</subtable>
	</row>
	<row>
		<label>mauve</label>
		<nb_visits>99</nb_visits>
		<nb_actions>99</nb_actions>
		<sum_visit_length>2839</sum_visit_length>
		<bounce_count>0</bounce_count>
		<nb_visits_converted>0</nb_visits_converted>
		<nb_conversions>33</nb_conversions>
		<revenue>298198</revenue>
		<goals>
			<row idgoal='1'>
				<nb_conversions>0</nb_conversions>
				<revenue>0</revenue>
				<nb_visits_converted>0</nb_visits_converted>
			</row>
			<row idgoal='2'>
				<nb_conversions>0</nb_conversions>
				<revenue>0</revenue>
				<nb_visits_converted>0</nb_visits_converted>
			</row>
			<row idgoal='3'>
				<nb_conversions>0</nb_conversions>
				<revenue>0</revenue>
				<nb_visits_converted>0</nb_visits_converted>
			</row>
			<row idgoal='4'>
				<nb_conversions>0</nb_conversions>
				<revenue>0</revenue>
				<nb_visits_converted>0</nb_visits_converted>
			</row>
			<row idgoal='5'>
				<nb_conversions>0</nb_conversions>
				<revenue>0</revenue>
				<nb_visits_converted>0</nb_visits_converted>
			</row>
			<row idgoal='ecommerceOrder'>
				<nb_conversions>33</nb_conversions>
				<revenue>298198</revenue>
				<items>0</items>
			</row>
		</goals>
		<nb_events>99</nb_events>
		<sum_event_value>25184</sum_event_value>
		<sum_daily_nb_uniq_visitors>97</sum_daily_nb_uniq_visitors>
		<avg_event_value>0</avg_event_value>
		<segment>eventCategory==mauve</segment>
		<subtable>
			<row>
				<label>falcon punch</label>
				<nb_visits>20</nb_visits>
				<nb_actions>20</nb_actions>
				<sum_visit_length>1297</sum_visit_length>
				<bounce_count>0</bounce_count>
				<nb_visits_converted>0</nb_visits_converted>
				<nb_conversions>5</nb_conversions>
				<revenue>55175</revenue>
				<goals>
					<row idgoal='1'>
						<nb_conversions>0</nb_conversions>
						<revenue>0</revenue>
						<nb_visits_converted>0</nb_visits_converted>
					</row>
					<row idgoal='2'>
						<nb_conversions>0</nb_conversions>
						<revenue>0</revenue>
						<nb_visits_converted>0</nb_visits_converted>
					</row>
					<row idgoal='3'>
						<nb_conversions>0</nb_conversions>
						<revenue>0</revenue>
						<nb_visits_converted>0</nb_visits_converted>
					</row>
					<row idgoal='4'>
						<nb_conversions>0</nb_conversions>
						<revenue>0</revenue>
						<nb_visits_converted>0</nb_visits_converted>
					</row>
					<row idgoal='5'>
						<nb_conversions>0</nb_conversions>
						<revenue>0</revenue>
						<nb_visits_converted>0</nb_visits_converted>
					</row>
					<row idgoal='ecommerceOrder'>
						<nb_conversions>5</nb_conversions>
						<revenue>55175</revenue>
						<items>0</items>
					</row>
				</goals>
				<nb_events>20</nb_events>
				<sum_event_value>5598</sum_event_value>
				<sum_daily_nb_uniq_visitors>19</sum_daily_nb_uniq_visitors>
				<avg_event_value>0</avg_event_value>
			</row>
			<row>
				<label>burn knuckle</label>
				<nb_visits>17</nb_visits>
				<nb_actions>17</nb_actions>
				<sum_visit_length>764</sum_visit_length>
				<bounce_count>0</bounce_count>
				<nb_visits_converted>0</nb_visits_converted>
				<nb_conversions>5</nb_conversions>
				<revenue>50654</revenue>
				<goals>
					<row idgoal='1'>
						<nb_conversions>0</nb_conversions>
						<revenue>0</revenue>
						<nb_visits_converted>0</nb_visits_converted>
					</row>
					<row idgoal='2'>
						<nb_conversions>0</nb_conversions>
						<revenue>0</revenue>
						<nb_visits_converted>0</nb_visits_converted>
					</row>
					<row idgoal='3'>
						<nb_conversions>0</nb_conversions>
						<revenue>0</revenue>
						<nb_visits_converted>0</nb_visits_converted>
					</row>
					<row idgoal='4'>
						<nb_conversions>0</nb_conversions>
						<revenue>0</revenue>
						<nb_visits_converted>0</nb_visits_converted>
					</row>
					<row idgoal='5'>
						<nb_conversions>0</nb_conversions>
						<revenue>0</revenue>
						<nb_visits_converted>0</nb_visits_converted>
					</row>
					<row idgoal='ecommerceOrder'>
						<nb_conversions>5</nb_conversions>
						<revenue>50654</revenue>
						<items>0</items>
					</row>
				</goals>
				<nb_events>17</nb_events>
				<sum_event_value>4677</sum_event_value>
				<sum_daily_nb_uniq_visitors>17</sum_daily_nb_uniq_visitors>
				<avg_event_value>0</avg_event_value>
			</row>
			<row>
				<label>dragon punch</label>
				<nb_visits>17</nb_visits>
				<nb_actions>17</nb_actions>
				<sum_visit_length>290</sum_visit_length>
				<bounce_count>0</bounce_count>
				<nb_visits_converted>0</nb_visits_converted>
				<nb_conversions>8</nb_conversions>
				<revenue>78222</revenue>
				<goals>
					<row idgoal='1'>
						<nb_conversions>0</nb_conversions>
						<revenue>0</revenue>
						<nb_visits_converted>0</nb_visits_converted>
					</row>
					<row idgoal='2'>
						<nb_conversions>0</nb_conversions>
						<revenue>0</revenue>
						<nb_visits_converted>0</nb_visits_converted>
					</row>
					<row idgoal='3'>
						<nb_conversions>0</nb_conversions>
						<revenue>0</revenue>
						<nb_visits_converted>0</nb_visits_converted>
					</row>
					<row idgoal='4'>
						<nb_conversions>0</nb_conversions>
						<revenue>0</revenue>
						<nb_visits_converted>0</nb_visits_converted>
					</row>
					<row idgoal='5'>
						<nb_conversions>0</nb_conversions>
						<revenue>0</revenue>
						<nb_visits_converted>0</nb_visits_converted>
					</row>
					<row idgoal='ecommerceOrder'>
						<nb_conversions>8</nb_conversions>
						<revenue>78222</revenue>
						<items>0</items>
					</row>
				</goals>
				<nb_events>17</nb_events>
				<sum_event_value>4028</sum_event_value>
				<sum_daily_nb_uniq_visitors>17</sum_daily_nb_uniq_visitors>
				<avg_event_value>0</avg_event_value>
			</row>
			<row>
				<label>izuna drop</label>
				<nb_visits>17</nb_visits>
				<nb_actions>17</nb_actions>
				<sum_visit_length>40</sum_visit_length>
				<bounce_count>0</bounce_count>
				<nb_visits_converted>0</nb_visits_converted>
				<nb_conversions>4</nb_conversions>
				<revenue>37768</revenue>
				<goals>
					<row idgoal='1'>
						<nb_conversions>0</nb_conversions>
						<revenue>0</revenue>
						<nb_visits_converted>0</nb_visits_converted>
					</row>
					<row idgoal='2'>
						<nb_conversions>0</nb_conversions>
						<revenue>0</revenue>
						<nb_visits_converted>0</nb_visits_converted>
					</row>
					<row idgoal='3'>
						<nb_conversions>0</nb_conversions>
						<revenue>0</revenue>
						<nb_visits_converted>0</nb_visits_converted>
					</row>
					<row idgoal='4'>
						<nb_conversions>0</nb_conversions>
						<revenue>0</revenue>
						<nb_visits_converted>0</nb_visits_converted>
					</row>
					<row idgoal='5'>
						<nb_conversions>0</nb_conversions>
						<revenue>0</revenue>
						<nb_visits_converted>0</nb_visits_converted>
					</row>
					<row idgoal='ecommerceOrder'>
						<nb_conversions>4</nb_conversions>
						<revenue>37768</revenue>
						<items>0</items>
					</row>
				</goals>
				<nb_events>17</nb_events>
				<sum_event_value>4161</sum_event_value>
				<sum_daily_nb_uniq_visitors>17</sum_daily_nb_uniq_visitors>
				<avg_event_value>0</avg_event_value>
			</row>
			<row>
				<label>spear throw</label>
				<nb_visits>16</nb_visits>
				<nb_actions>16</nb_actions>
				<sum_visit_length>341</sum_visit_length>
				<bounce_count>0</bounce_count>
				<nb_visits_converted>0</nb_visits_converted>
				<nb_conversions>6</nb_conversions>
				<revenue>43371</revenue>
				<goals>
					<row idgoal='1'>
						<nb_conversions>0</nb_conversions>
						<revenue>0</revenue>
						<nb_visits_converted>0</nb_visits_converted>
					</row>
					<row idgoal='2'>
						<nb_conversions>0</nb_conversions>
						<revenue>0</revenue>
						<nb_visits_converted>0</nb_visits_converted>
					</row>
					<row idgoal='3'>
						<nb_conversions>0</nb_conversions>
						<revenue>0</revenue>
						<nb_visits_converted>0</nb_visits_converted>
					</row>
					<row idgoal='4'>
						<nb_conversions>0</nb_conversions>
						<revenue>0</revenue>
						<nb_visits_converted>0</nb_visits_converted>
					</row>
					<row idgoal='5'>
						<nb_conversions>0</nb_conversions>
						<revenue>0</revenue>
						<nb_visits_converted>0</nb_visits_converted>
					</row>
					<row idgoal='ecommerceOrder'>
						<nb_conversions>6</nb_conversions>
						<revenue>43371</revenue>
						<items>0</items>
					</row>
				</goals>
				<nb_events>16</nb_events>
				<sum_event_value>3944</sum_event_value>
				<sum_daily_nb_uniq_visitors>15</sum_daily_nb_uniq_visitors>
				<avg_event_value>0</avg_event_value>
			</row>
			<row>
				<label>uppercut</label>
				<nb_visits>12</nb_visits>
				<nb_actions>12</nb_actions>
				<sum_visit_length>107</sum_visit_length>
				<bounce_count>0</bounce_count>
				<nb_visits_converted>0</nb_visits_converted>
				<nb_conversions>5</nb_conversions>
				<revenue>33008</revenue>
				<goals>
					<row idgoal='1'>
						<nb_conversions>0</nb_conversions>
						<revenue>0</revenue>
						<nb_visits_converted>0</nb_visits_converted>
					</row>
					<row idgoal='2'>
						<nb_conversions>0</nb_conversions>
						<revenue>0</revenue>
						<nb_visits_converted>0</nb_visits_converted>
					</row>
					<row idgoal='3'>
						<nb_conversions>0</nb_conversions>
						<revenue>0</revenue>
						<nb_visits_converted>0</nb_visits_converted>
					</row>
					<row idgoal='4'>
						<nb_conversions>0</nb_conversions>
						<revenue>0</revenue>
						<nb_visits_converted>0</nb_visits_converted>
					</row>
					<row idgoal='5'>
						<nb_conversions>0</nb_conversions>
						<revenue>0</revenue>
						<nb_visits_converted>0</nb_visits_converted>
					</row>
					<row idgoal='ecommerceOrder'>
						<nb_conversions>5</nb_conversions>
						<revenue>33008</revenue>
						<items>0</items>
					</row>
				</goals>
				<nb_events>12</nb_events>
				<sum_event_value>2776</sum_event_value>
				<sum_daily_nb_uniq_visitors>12</sum_daily_nb_uniq_visitors>
				<avg_event_value>0</avg_event_value>
			</row>
		</subtable>
	</row>
	<row>
		<label>keylime</label>
		<nb_visits>95</nb_visits>
		<nb_actions>95</nb_actions>
		<sum_visit_length>4930</sum_visit_length>
		<bounce_count>0</bounce_count>
		<nb_visits_converted>0</nb_visits_converted>
		<nb_conversions>43</nb_conversions>
		<revenue>410119</revenue>
		<goals>
			<row idgoal='1'>
				<nb_conversions>0</nb_conversions>
				<revenue>0</revenue>
				<nb_visits_converted>0</nb_visits_converted>
			</row>
			<row idgoal='2'>
				<nb_conversions>0</nb_conversions>
				<revenue>0</revenue>
				<nb_visits_converted>0</nb_visits_converted>
			</row>
			<row idgoal='3'>
				<nb_conversions>0</nb_conversions>
				<revenue>0</revenue>
				<nb_visits_converted>0</nb_visits_converted>
			</row>
			<row idgoal='4'>
				<nb_conversions>0</nb_conversions>
				<revenue>0</revenue>
				<nb_visits_converted>0</nb_visits_converted>
			</row>
			<row idgoal='5'>
				<nb_conversions>0</nb_conversions>
				<revenue>0</revenue>
				<nb_visits_converted>0</nb_visits_converted>
			</row>
			<row idgoal='ecommerceOrder'>
				<nb_conversions>43</nb_conversions>
				<revenue>410119</revenue>
				<items>0</items>
			</row>
		</goals>
		<nb_events>95</nb_events>
		<sum_event_value>22330</sum_event_value>
		<sum_daily_nb_uniq_visitors>94</sum_daily_nb_uniq_visitors>
		<avg_event_value>0</avg_event_value>
		<segment>eventCategory==keylime</segment>
		<subtable>
			<row>
				<label>burn knuckle</label>
				<nb_visits>19</nb_visits>
				<nb_actions>19</nb_actions>
				<sum_visit_length>659</sum_visit_length>
				<bounce_count>0</bounce_count>
				<nb_visits_converted>0</nb_visits_converted>
				<nb_conversions>10</nb_conversions>
				<revenue>107858</revenue>
				<goals>
					<row idgoal='1'>
						<nb_conversions>0</nb_conversions>
						<revenue>0</revenue>
						<nb_visits_converted>0</nb_visits_converted>
					</row>
					<row idgoal='2'>
						<nb_conversions>0</nb_conversions>
						<revenue>0</revenue>
						<nb_visits_converted>0</nb_visits_converted>
					</row>
					<row idgoal='3'>
						<nb_conversions>0</nb_conversions>
						<revenue>0</revenue>
						<nb_visits_converted>0</nb_visits_converted>
					</row>
					<row idgoal='4'>
						<nb_conversions>0</nb_conversions>
						<revenue>0</revenue>
						<nb_visits_converted>0</nb_visits_converted>
					</row>
					<row idgoal='5'>
						<nb_conversions>0</nb_conversions>
						<revenue>0</revenue>
						<nb_visits_converted>0</nb_visits_converted>
					</row>
					<row idgoal='ecommerceOrder'>
						<nb_conversions>10</nb_conversions>
						<revenue>107858</revenue>
						<items>0</items>
					</row>
				</goals>
				<nb_events>19</nb_events>
				<sum_event_value>2761</sum_event_value>
				<sum_daily_nb_uniq_visitors>19</sum_daily_nb_uniq_visitors>
				<avg_event_value>0</avg_event_value>
			</row>
			<row>
				<label>dragon punch</label>
				<nb_visits>18</nb_visits>
				<nb_actions>18</nb_actions>
				<sum_visit_length>1925</sum_visit_length>
				<bounce_count>0</bounce_count>
				<nb_visits_converted>0</nb_visits_converted>
				<nb_conversions>11</nb_conversions>
				<revenue>113244</revenue>
				<goals>
					<row idgoal='1'>
						<nb_conversions>0</nb_conversions>
						<revenue>0</revenue>
						<nb_visits_converted>0</nb_visits_converted>
					</row>
					<row idgoal='2'>
						<nb_conversions>0</nb_conversions>
						<revenue>0</revenue>
						<nb_visits_converted>0</nb_visits_converted>
					</row>
					<row idgoal='3'>
						<nb_conversions>0</nb_conversions>
						<revenue>0</revenue>
						<nb_visits_converted>0</nb_visits_converted>
					</row>
					<row idgoal='4'>
						<nb_conversions>0</nb_conversions>
						<revenue>0</revenue>
						<nb_visits_converted>0</nb_visits_converted>
					</row>
					<row idgoal='5'>
						<nb_conversions>0</nb_conversions>
						<revenue>0</revenue>
						<nb_visits_converted>0</nb_visits_converted>
					</row>
					<row idgoal='ecommerceOrder'>
						<nb_conversions>11</nb_conversions>
						<revenue>113244</revenue>
						<items>0</items>
					</row>
				</goals>
				<nb_events>18</nb_events>
				<sum_event_value>4894</sum_event_value>
				<sum_daily_nb_uniq_visitors>18</sum_daily_nb_uniq_visitors>
				<avg_event_value>0</avg_event_value>
			</row>
			<row>
				<label>izuna drop</label>
				<nb_visits>15</nb_visits>
				<nb_actions>15</nb_actions>
				<sum_visit_length>961</sum_visit_length>
				<bounce_count>0</bounce_count>
				<nb_visits_converted>0</nb_visits_converted>
				<nb_conversions>6</nb_conversions>
				<revenue>55532</revenue>
				<goals>
					<row idgoal='1'>
						<nb_conversions>0</nb_conversions>
						<revenue>0</revenue>
						<nb_visits_converted>0</nb_visits_converted>
					</row>
					<row idgoal='2'>
						<nb_conversions>0</nb_conversions>
						<revenue>0</revenue>
						<nb_visits_converted>0</nb_visits_converted>
					</row>
					<row idgoal='3'>
						<nb_conversions>0</nb_conversions>
						<revenue>0</revenue>
						<nb_visits_converted>0</nb_visits_converted>
					</row>
					<row idgoal='4'>
						<nb_conversions>0</nb_conversions>
						<revenue>0</revenue>
						<nb_visits_converted>0</nb_visits_converted>
					</row>
					<row idgoal='5'>
						<nb_conversions>0</nb_conversions>
						<revenue>0</revenue>
						<nb_visits_converted>0</nb_visits_converted>
					</row>
					<row idgoal='ecommerceOrder'>
						<nb_conversions>6</nb_conversions>
						<revenue>55532</revenue>
						<items>0</items>
					</row>
				</goals>
				<nb_events>15</nb_events>
				<sum_event_value>3601</sum_event_value>
				<sum_daily_nb_uniq_visitors>15</sum_daily_nb_uniq_visitors>
				<avg_event_value>0</avg_event_value>
			</row>
			<row>
				<label>uppercut</label>
				<nb_visits>15</nb_visits>
				<nb_actions>15</nb_actions>
				<sum_visit_length>589</sum_visit_length>
				<bounce_count>0</bounce_count>
				<nb_visits_converted>0</nb_visits_converted>
				<nb_conversions>7</nb_conversions>
				<revenue>49760</revenue>
				<goals>
					<row idgoal='1'>
						<nb_conversions>0</nb_conversions>
						<revenue>0</revenue>
						<nb_visits_converted>0</nb_visits_converted>
					</row>
					<row idgoal='2'>
						<nb_conversions>0</nb_conversions>
						<revenue>0</revenue>
						<nb_visits_converted>0</nb_visits_converted>
					</row>
					<row idgoal='3'>
						<nb_conversions>0</nb_conversions>
						<revenue>0</revenue>
						<nb_visits_converted>0</nb_visits_converted>
					</row>
					<row idgoal='4'>
						<nb_conversions>0</nb_conversions>
						<revenue>0</revenue>
						<nb_visits_converted>0</nb_visits_converted>
					</row>
					<row idgoal='5'>
						<nb_conversions>0</nb_conversions>
						<revenue>0</revenue>
						<nb_visits_converted>0</nb_visits_converted>
					</row>
					<row idgoal='ecommerceOrder'>
						<nb_conversions>7</nb_conversions>
						<revenue>49760</revenue>
						<items>0</items>
					</row>
				</goals>
				<nb_events>15</nb_events>
				<sum_event_value>3918</sum_event_value>
				<sum_daily_nb_uniq_visitors>15</sum_daily_nb_uniq_visitors>
				<avg_event_value>0</avg_event_value>
			</row>
			<row>
				<label>falcon punch</label>
				<nb_visits>14</nb_visits>
				<nb_actions>14</nb_actions>
				<sum_visit_length>642</sum_visit_length>
				<bounce_count>0</bounce_count>
				<nb_visits_converted>0</nb_visits_converted>
				<nb_conversions>4</nb_conversions>
				<revenue>40872</revenue>
				<goals>
					<row idgoal='1'>
						<nb_conversions>0</nb_conversions>
						<revenue>0</revenue>
						<nb_visits_converted>0</nb_visits_converted>
					</row>
					<row idgoal='2'>
						<nb_conversions>0</nb_conversions>
						<revenue>0</revenue>
						<nb_visits_converted>0</nb_visits_converted>
					</row>
					<row idgoal='3'>
						<nb_conversions>0</nb_conversions>
						<revenue>0</revenue>
						<nb_visits_converted>0</nb_visits_converted>
					</row>
					<row idgoal='4'>
						<nb_conversions>0</nb_conversions>
						<revenue>0</revenue>
						<nb_visits_converted>0</nb_visits_converted>
					</row>
					<row idgoal='5'>
						<nb_conversions>0</nb_conversions>
						<revenue>0</revenue>
						<nb_visits_converted>0</nb_visits_converted>
					</row>
					<row idgoal='ecommerceOrder'>
						<nb_conversions>4</nb_conversions>
						<revenue>40872</revenue>
						<items>0</items>
					</row>
				</goals>
				<nb_events>14</nb_events>
				<sum_event_value>3092</sum_event_value>
				<sum_daily_nb_uniq_visitors>14</sum_daily_nb_uniq_visitors>
				<avg_event_value>0</avg_event_value>
			</row>
			<row>
				<label>spear throw</label>
				<nb_visits>14</nb_visits>
				<nb_actions>14</nb_actions>
				<sum_visit_length>154</sum_visit_length>
				<bounce_count>0</bounce_count>
				<nb_visits_converted>0</nb_visits_converted>
				<nb_conversions>5</nb_conversions>
				<revenue>42853</revenue>
				<goals>
					<row idgoal='1'>
						<nb_conversions>0</nb_conversions>
						<revenue>0</revenue>
						<nb_visits_converted>0</nb_visits_converted>
					</row>
					<row idgoal='2'>
						<nb_conversions>0</nb_conversions>
						<revenue>0</revenue>
						<nb_visits_converted>0</nb_visits_converted>
					</row>
					<row idgoal='3'>
						<nb_conversions>0</nb_conversions>
						<revenue>0</revenue>
						<nb_visits_converted>0</nb_visits_converted>
					</row>
					<row idgoal='4'>
						<nb_conversions>0</nb_conversions>
						<revenue>0</revenue>
						<nb_visits_converted>0</nb_visits_converted>
					</row>
					<row idgoal='5'>
						<nb_conversions>0</nb_conversions>
						<revenue>0</revenue>
						<nb_visits_converted>0</nb_visits_converted>
					</row>
					<row idgoal='ecommerceOrder'>
						<nb_conversions>5</nb_conversions>
						<revenue>42853</revenue>
						<items>0</items>
					</row>
				</goals>
				<nb_events>14</nb_events>
				<sum_event_value>4064</sum_event_value>
				<sum_daily_nb_uniq_visitors>13</sum_daily_nb_uniq_visitors>
				<avg_event_value>0</avg_event_value>
			</row>
		</subtable>
	</row>
	<row>
		<label>scarlet</label>
		<nb_visits>95</nb_visits>
		<nb_actions>95</nb_actions>
		<sum_visit_length>3994</sum_visit_length>
		<bounce_count>0</bounce_count>
		<nb_visits_converted>0</nb_visits_converted>
		<nb_conversions>37</nb_conversions>
		<revenue>341312</revenue>
		<goals>
			<row idgoal='1'>
				<nb_conversions>0</nb_conversions>
				<revenue>0</revenue>
				<nb_visits_converted>0</nb_visits_converted>
			</row>
			<row idgoal='2'>
				<nb_conversions>0</nb_conversions>
				<revenue>0</revenue>
				<nb_visits_converted>0</nb_visits_converted>
			</row>
			<row idgoal='3'>
				<nb_conversions>0</nb_conversions>
				<revenue>0</revenue>
				<nb_visits_converted>0</nb_visits_converted>
			</row>
			<row idgoal='4'>
				<nb_conversions>0</nb_conversions>
				<revenue>0</revenue>
				<nb_visits_converted>0</nb_visits_converted>
			</row>
			<row idgoal='5'>
				<nb_conversions>0</nb_conversions>
				<revenue>0</revenue>
				<nb_visits_converted>0</nb_visits_converted>
			</row>
			<row idgoal='ecommerceOrder'>
				<nb_conversions>37</nb_conversions>
				<revenue>341312</revenue>
				<items>0</items>
			</row>
		</goals>
		<nb_events>95</nb_events>
		<sum_event_value>23860</sum_event_value>
		<sum_daily_nb_uniq_visitors>93</sum_daily_nb_uniq_visitors>
		<avg_event_value>0</avg_event_value>
		<segment>eventCategory==scarlet</segment>
		<subtable>
			<row>
				<label>falcon punch</label>
				<nb_visits>20</nb_visits>
				<nb_actions>20</nb_actions>
				<sum_visit_length>1531</sum_visit_length>
				<bounce_count>0</bounce_count>
				<nb_visits_converted>0</nb_visits_converted>
				<nb_conversions>7</nb_conversions>
				<revenue>80805</revenue>
				<goals>
					<row idgoal='1'>
						<nb_conversions>0</nb_conversions>
						<revenue>0</revenue>
						<nb_visits_converted>0</nb_visits_converted>
					</row>
					<row idgoal='2'>
						<nb_conversions>0</nb_conversions>
						<revenue>0</revenue>
						<nb_visits_converted>0</nb_visits_converted>
					</row>
					<row idgoal='3'>
						<nb_conversions>0</nb_conversions>
						<revenue>0</revenue>
						<nb_visits_converted>0</nb_visits_converted>
					</row>
					<row idgoal='4'>
						<nb_conversions>0</nb_conversions>
						<revenue>0</revenue>
						<nb_visits_converted>0</nb_visits_converted>
					</row>
					<row idgoal='5'>
						<nb_conversions>0</nb_conversions>
						<revenue>0</revenue>
						<nb_visits_converted>0</nb_visits_converted>
					</row>
					<row idgoal='ecommerceOrder'>
						<nb_conversions>7</nb_conversions>
						<revenue>80805</revenue>
						<items>0</items>
					</row>
				</goals>
				<nb_events>20</nb_events>
				<sum_event_value>5551</sum_event_value>
				<sum_daily_nb_uniq_visitors>19</sum_daily_nb_uniq_visitors>
				<avg_event_value>0</avg_event_value>
			</row>
			<row>
				<label>spear throw</label>
				<nb_visits>18</nb_visits>
				<nb_actions>18</nb_actions>
				<sum_visit_length>966</sum_visit_length>
				<bounce_count>0</bounce_count>
				<nb_visits_converted>0</nb_visits_converted>
				<nb_conversions>6</nb_conversions>
				<revenue>46993</revenue>
				<goals>
					<row idgoal='1'>
						<nb_conversions>0</nb_conversions>
						<revenue>0</revenue>
						<nb_visits_converted>0</nb_visits_converted>
					</row>
					<row idgoal='2'>
						<nb_conversions>0</nb_conversions>
						<revenue>0</revenue>
						<nb_visits_converted>0</nb_visits_converted>
					</row>
					<row idgoal='3'>
						<nb_conversions>0</nb_conversions>
						<revenue>0</revenue>
						<nb_visits_converted>0</nb_visits_converted>
					</row>
					<row idgoal='4'>
						<nb_conversions>0</nb_conversions>
						<revenue>0</revenue>
						<nb_visits_converted>0</nb_visits_converted>
					</row>
					<row idgoal='5'>
						<nb_conversions>0</nb_conversions>
						<revenue>0</revenue>
						<nb_visits_converted>0</nb_visits_converted>
					</row>
					<row idgoal='ecommerceOrder'>
						<nb_conversions>6</nb_conversions>
						<revenue>46993</revenue>
						<items>0</items>
					</row>
				</goals>
				<nb_events>18</nb_events>
				<sum_event_value>4132</sum_event_value>
				<sum_daily_nb_uniq_visitors>18</sum_daily_nb_uniq_visitors>
				<avg_event_value>0</avg_event_value>
			</row>
			<row>
				<label>dragon punch</label>
				<nb_visits>17</nb_visits>
				<nb_actions>17</nb_actions>
				<sum_visit_length>412</sum_visit_length>
				<bounce_count>0</bounce_count>
				<nb_visits_converted>0</nb_visits_converted>
				<nb_conversions>4</nb_conversions>
				<revenue>58666</revenue>
				<goals>
					<row idgoal='1'>
						<nb_conversions>0</nb_conversions>
						<revenue>0</revenue>
						<nb_visits_converted>0</nb_visits_converted>
					</row>
					<row idgoal='2'>
						<nb_conversions>0</nb_conversions>
						<revenue>0</revenue>
						<nb_visits_converted>0</nb_visits_converted>
					</row>
					<row idgoal='3'>
						<nb_conversions>0</nb_conversions>
						<revenue>0</revenue>
						<nb_visits_converted>0</nb_visits_converted>
					</row>
					<row idgoal='4'>
						<nb_conversions>0</nb_conversions>
						<revenue>0</revenue>
						<nb_visits_converted>0</nb_visits_converted>
					</row>
					<row idgoal='5'>
						<nb_conversions>0</nb_conversions>
						<revenue>0</revenue>
						<nb_visits_converted>0</nb_visits_converted>
					</row>
					<row idgoal='ecommerceOrder'>
						<nb_conversions>4</nb_conversions>
						<revenue>58666</revenue>
						<items>0</items>
					</row>
				</goals>
				<nb_events>17</nb_events>
				<sum_event_value>4367</sum_event_value>
				<sum_daily_nb_uniq_visitors>17</sum_daily_nb_uniq_visitors>
				<avg_event_value>0</avg_event_value>
			</row>
			<row>
				<label>burn knuckle</label>
				<nb_visits>14</nb_visits>
				<nb_actions>14</nb_actions>
				<sum_visit_length>437</sum_visit_length>
				<bounce_count>0</bounce_count>
				<nb_visits_converted>0</nb_visits_converted>
				<nb_conversions>7</nb_conversions>
				<revenue>62447</revenue>
				<goals>
					<row idgoal='1'>
						<nb_conversions>0</nb_conversions>
						<revenue>0</revenue>
						<nb_visits_converted>0</nb_visits_converted>
					</row>
					<row idgoal='2'>
						<nb_conversions>0</nb_conversions>
						<revenue>0</revenue>
						<nb_visits_converted>0</nb_visits_converted>
					</row>
					<row idgoal='3'>
						<nb_conversions>0</nb_conversions>
						<revenue>0</revenue>
						<nb_visits_converted>0</nb_visits_converted>
					</row>
					<row idgoal='4'>
						<nb_conversions>0</nb_conversions>
						<revenue>0</revenue>
						<nb_visits_converted>0</nb_visits_converted>
					</row>
					<row idgoal='5'>
						<nb_conversions>0</nb_conversions>
						<revenue>0</revenue>
						<nb_visits_converted>0</nb_visits_converted>
					</row>
					<row idgoal='ecommerceOrder'>
						<nb_conversions>7</nb_conversions>
						<revenue>62447</revenue>
						<items>0</items>
					</row>
				</goals>
				<nb_events>14</nb_events>
				<sum_event_value>3289</sum_event_value>
				<sum_daily_nb_uniq_visitors>14</sum_daily_nb_uniq_visitors>
				<avg_event_value>0</avg_event_value>
			</row>
			<row>
				<label>izuna drop</label>
				<nb_visits>13</nb_visits>
				<nb_actions>13</nb_actions>
				<sum_visit_length>214</sum_visit_length>
				<bounce_count>0</bounce_count>
				<nb_visits_converted>0</nb_visits_converted>
				<nb_conversions>9</nb_conversions>
				<revenue>67275</revenue>
				<goals>
					<row idgoal='1'>
						<nb_conversions>0</nb_conversions>
						<revenue>0</revenue>
						<nb_visits_converted>0</nb_visits_converted>
					</row>
					<row idgoal='2'>
						<nb_conversions>0</nb_conversions>
						<revenue>0</revenue>
						<nb_visits_converted>0</nb_visits_converted>
					</row>
					<row idgoal='3'>
						<nb_conversions>0</nb_conversions>
						<revenue>0</revenue>
						<nb_visits_converted>0</nb_visits_converted>
					</row>
					<row idgoal='4'>
						<nb_conversions>0</nb_conversions>
						<revenue>0</revenue>
						<nb_visits_converted>0</nb_visits_converted>
					</row>
					<row idgoal='5'>
						<nb_conversions>0</nb_conversions>
						<revenue>0</revenue>
						<nb_visits_converted>0</nb_visits_converted>
					</row>
					<row idgoal='ecommerceOrder'>
						<nb_conversions>9</nb_conversions>
						<revenue>67275</revenue>
						<items>0</items>
					</row>
				</goals>
				<nb_events>13</nb_events>
				<sum_event_value>2608</sum_event_value>
				<sum_daily_nb_uniq_visitors>13</sum_daily_nb_uniq_visitors>
				<avg_event_value>0</avg_event_value>
			</row>
			<row>
				<label>uppercut</label>
				<nb_visits>13</nb_visits>
				<nb_actions>13</nb_actions>
				<sum_visit_length>434</sum_visit_length>
				<bounce_count>0</bounce_count>
				<nb_visits_converted>0</nb_visits_converted>
				<nb_conversions>4</nb_conversions>
				<revenue>25126</revenue>
				<goals>
					<row idgoal='1'>
						<nb_conversions>0</nb_conversions>
						<revenue>0</revenue>
						<nb_visits_converted>0</nb_visits_converted>
					</row>
					<row idgoal='2'>
						<nb_conversions>0</nb_conversions>
						<revenue>0</revenue>
						<nb_visits_converted>0</nb_visits_converted>
					</row>
					<row idgoal='3'>
						<nb_conversions>0</nb_conversions>
						<revenue>0</revenue>
						<nb_visits_converted>0</nb_visits_converted>
					</row>
					<row idgoal='4'>
						<nb_conversions>0</nb_conversions>
						<revenue>0</revenue>
						<nb_visits_converted>0</nb_visits_converted>
					</row>
					<row idgoal='5'>
						<nb_conversions>0</nb_conversions>
						<revenue>0</revenue>
						<nb_visits_converted>0</nb_visits_converted>
					</row>
					<row idgoal='ecommerceOrder'>
						<nb_conversions>4</nb_conversions>
						<revenue>25126</revenue>
						<items>0</items>
					</row>
				</goals>
				<nb_events>13</nb_events>
				<sum_event_value>3913</sum_event_value>
				<sum_daily_nb_uniq_visitors>12</sum_daily_nb_uniq_visitors>
				<avg_event_value>0</avg_event_value>
			</row>
		</subtable>
	</row>
</result>