<?xml version="1.0" encoding="utf-8" ?>
<result>
	<row>
		<label>Monday</label>
		<nb_visits>2</nb_visits>
		<nb_uniq_visitors>2</nb_uniq_visitors>
		<nb_actions>8</nb_actions>
		<nb_users>0</nb_users>
		<sum_visit_length>34</sum_visit_length>
		<bounce_count>0</bounce_count>
		<nb_visits_converted>0</nb_visits_converted>
		<day_of_week>1</day_of_week>
	</row>
	<row>
		<label>Tuesday</label>
		<nb_visits>3</nb_visits>
		<nb_uniq_visitors>3</nb_uniq_visitors>
		<nb_actions>8</nb_actions>
		<nb_users>0</nb_users>
		<sum_visit_length>0</sum_visit_length>
		<bounce_count>3</bounce_count>
		<nb_visits_converted>0</nb_visits_converted>
		<day_of_week>2</day_of_week>
	</row>
	<row>
		<label>Wednesday</label>
		<nb_visits>6</nb_visits>
		<nb_uniq_visitors>4</nb_uniq_visitors>
		<nb_actions>26</nb_actions>
		<nb_users>0</nb_users>
		<sum_visit_length>26</sum_visit_length>
		<bounce_count>2</bounce_count>
		<nb_visits_converted>0</nb_visits_converted>
		<day_of_week>3</day_of_week>
	</row>
	<row>
		<label>Thursday</label>
		<nb_visits>5</nb_visits>
		<nb_uniq_visitors>5</nb_uniq_visitors>
		<nb_actions>20</nb_actions>
		<nb_users>0</nb_users>
		<sum_visit_length>820</sum_visit_length>
		<bounce_count>1</bounce_count>
		<nb_visits_converted>0</nb_visits_converted>
		<day_of_week>4</day_of_week>
	</row>
	<row>
		<label>Friday</label>
		<nb_visits>3</nb_visits>
		<nb_uniq_visitors>3</nb_uniq_visitors>
		<nb_actions>13</nb_actions>
		<nb_users>0</nb_users>
		<sum_visit_length>58</sum_visit_length>
		<bounce_count>2</bounce_count>
		<nb_visits_converted>0</nb_visits_converted>
		<day_of_week>5</day_of_week>
	</row>
	<row>
		<label>Saturday</label>
		<nb_visits>2</nb_visits>
		<nb_uniq_visitors>2</nb_uniq_visitors>
		<nb_actions>7</nb_actions>
		<nb_users>0</nb_users>
		<sum_visit_length>29</sum_visit_length>
		<bounce_count>1</bounce_count>
		<nb_visits_converted>0</nb_visits_converted>
		<day_of_week>6</day_of_week>
	</row>
	<row>
		<label>Sunday</label>
		<nb_visits>0</nb_visits>
		<day_of_week>7</day_of_week>
	</row>
</result>