<?xml version="1.0" encoding="utf-8" ?>
<result>
	<row>
		<label>google.com</label>
		<nb_visits>108</nb_visits>
		<nb_actions>369</nb_actions>
		<sum_visit_length>4352</sum_visit_length>
		<bounce_count>17</bounce_count>
		<nb_visits_converted>40</nb_visits_converted>
		<nb_conversions>80</nb_conversions>
		<revenue>276716</revenue>
		<goals>
			<row idgoal='1'>
				<nb_conversions>20</nb_conversions>
				<revenue>0</revenue>
				<nb_visits_converted>19</nb_visits_converted>
			</row>
			<row idgoal='2'>
				<nb_conversions>19</nb_conversions>
				<revenue>0</revenue>
				<nb_visits_converted>19</nb_visits_converted>
			</row>
			<row idgoal='3'>
				<nb_conversions>2</nb_conversions>
				<revenue>0</revenue>
				<nb_visits_converted>2</nb_visits_converted>
			</row>
			<row idgoal='4'>
				<nb_conversions>0</nb_conversions>
				<revenue>0</revenue>
				<nb_visits_converted>0</nb_visits_converted>
			</row>
			<row idgoal='5'>
				<nb_conversions>0</nb_conversions>
				<revenue>0</revenue>
				<nb_visits_converted>0</nb_visits_converted>
			</row>
			<row idgoal='ecommerceOrder'>
				<nb_conversions>39</nb_conversions>
				<revenue>276716</revenue>
				<items>227</items>
			</row>
		</goals>
		<sum_daily_nb_uniq_visitors>50</sum_daily_nb_uniq_visitors>
		<segment>referrerName==google.com</segment>
		<subtable>
			<row>
				<label>http://google.com/search</label>
				<nb_visits>108</nb_visits>
				<nb_actions>369</nb_actions>
				<sum_visit_length>4352</sum_visit_length>
				<bounce_count>17</bounce_count>
				<nb_visits_converted>40</nb_visits_converted>
				<nb_conversions>80</nb_conversions>
				<revenue>276716</revenue>
				<goals>
					<row idgoal='1'>
						<nb_conversions>20</nb_conversions>
						<revenue>0</revenue>
						<nb_visits_converted>19</nb_visits_converted>
					</row>
					<row idgoal='2'>
						<nb_conversions>19</nb_conversions>
						<revenue>0</revenue>
						<nb_visits_converted>19</nb_visits_converted>
					</row>
					<row idgoal='3'>
						<nb_conversions>2</nb_conversions>
						<revenue>0</revenue>
						<nb_visits_converted>2</nb_visits_converted>
					</row>
					<row idgoal='4'>
						<nb_conversions>0</nb_conversions>
						<revenue>0</revenue>
						<nb_visits_converted>0</nb_visits_converted>
					</row>
					<row idgoal='5'>
						<nb_conversions>0</nb_conversions>
						<revenue>0</revenue>
						<nb_visits_converted>0</nb_visits_converted>
					</row>
					<row idgoal='ecommerceOrder'>
						<nb_conversions>39</nb_conversions>
						<revenue>276716</revenue>
						<items>227</items>
					</row>
				</goals>
				<sum_daily_nb_uniq_visitors>50</sum_daily_nb_uniq_visitors>
			</row>
		</subtable>
	</row>
	<row>
		<label>scubadiverlife.com</label>
		<nb_visits>82</nb_visits>
		<nb_actions>337</nb_actions>
		<sum_visit_length>2098</sum_visit_length>
		<bounce_count>14</bounce_count>
		<nb_visits_converted>16</nb_visits_converted>
		<nb_conversions>53</nb_conversions>
		<revenue>323651</revenue>
		<goals>
			<row idgoal='1'>
				<nb_conversions>10</nb_conversions>
				<revenue>0</revenue>
				<nb_visits_converted>7</nb_visits_converted>
			</row>
			<row idgoal='2'>
				<nb_conversions>11</nb_conversions>
				<revenue>0</revenue>
				<nb_visits_converted>9</nb_visits_converted>
			</row>
			<row idgoal='3'>
				<nb_conversions>0</nb_conversions>
				<revenue>0</revenue>
				<nb_visits_converted>0</nb_visits_converted>
			</row>
			<row idgoal='4'>
				<nb_conversions>0</nb_conversions>
				<revenue>0</revenue>
				<nb_visits_converted>0</nb_visits_converted>
			</row>
			<row idgoal='5'>
				<nb_conversions>0</nb_conversions>
				<revenue>0</revenue>
				<nb_visits_converted>0</nb_visits_converted>
			</row>
			<row idgoal='ecommerceOrder'>
				<nb_conversions>32</nb_conversions>
				<revenue>323651</revenue>
				<items>233</items>
			</row>
		</goals>
		<sum_daily_nb_uniq_visitors>62</sum_daily_nb_uniq_visitors>
		<segment>referrerName==scubadiverlife.com</segment>
		<subtable>
			<row>
				<label>http://scubadiverlife.com/gear-category/fins-reviews-2</label>
				<nb_visits>30</nb_visits>
				<nb_actions>131</nb_actions>
				<sum_visit_length>342</sum_visit_length>
				<bounce_count>6</bounce_count>
				<nb_visits_converted>4</nb_visits_converted>
				<nb_conversions>20</nb_conversions>
				<revenue>162272</revenue>
				<goals>
					<row idgoal='1'>
						<nb_conversions>4</nb_conversions>
						<revenue>0</revenue>
						<nb_visits_converted>3</nb_visits_converted>
					</row>
					<row idgoal='2'>
						<nb_conversions>2</nb_conversions>
						<revenue>0</revenue>
						<nb_visits_converted>2</nb_visits_converted>
					</row>
					<row idgoal='3'>
						<nb_conversions>0</nb_conversions>
						<revenue>0</revenue>
						<nb_visits_converted>0</nb_visits_converted>
					</row>
					<row idgoal='4'>
						<nb_conversions>0</nb_conversions>
						<revenue>0</revenue>
						<nb_visits_converted>0</nb_visits_converted>
					</row>
					<row idgoal='5'>
						<nb_conversions>0</nb_conversions>
						<revenue>0</revenue>
						<nb_visits_converted>0</nb_visits_converted>
					</row>
					<row idgoal='ecommerceOrder'>
						<nb_conversions>14</nb_conversions>
						<revenue>162272</revenue>
						<items>121</items>
					</row>
				</goals>
				<sum_daily_nb_uniq_visitors>20</sum_daily_nb_uniq_visitors>
			</row>
			<row>
				<label>http://scubadiverlife.com/gear-category/bcd</label>
				<nb_visits>27</nb_visits>
				<nb_actions>95</nb_actions>
				<sum_visit_length>1084</sum_visit_length>
				<bounce_count>4</bounce_count>
				<nb_visits_converted>3</nb_visits_converted>
				<nb_conversions>13</nb_conversions>
				<revenue>53329</revenue>
				<goals>
					<row idgoal='1'>
						<nb_conversions>2</nb_conversions>
						<revenue>0</revenue>
						<nb_visits_converted>1</nb_visits_converted>
					</row>
					<row idgoal='2'>
						<nb_conversions>3</nb_conversions>
						<revenue>0</revenue>
						<nb_visits_converted>2</nb_visits_converted>
					</row>
					<row idgoal='3'>
						<nb_conversions>0</nb_conversions>
						<revenue>0</revenue>
						<nb_visits_converted>0</nb_visits_converted>
					</row>
					<row idgoal='4'>
						<nb_conversions>0</nb_conversions>
						<revenue>0</revenue>
						<nb_visits_converted>0</nb_visits_converted>
					</row>
					<row idgoal='5'>
						<nb_conversions>0</nb_conversions>
						<revenue>0</revenue>
						<nb_visits_converted>0</nb_visits_converted>
					</row>
					<row idgoal='ecommerceOrder'>
						<nb_conversions>8</nb_conversions>
						<revenue>53329</revenue>
						<items>36</items>
					</row>
				</goals>
				<sum_daily_nb_uniq_visitors>22</sum_daily_nb_uniq_visitors>
			</row>
			<row>
				<label>http://scubadiverlife.com/gear-category/exposure-suit</label>
				<nb_visits>25</nb_visits>
				<nb_actions>111</nb_actions>
				<sum_visit_length>672</sum_visit_length>
				<bounce_count>4</bounce_count>
				<nb_visits_converted>9</nb_visits_converted>
				<nb_conversions>20</nb_conversions>
				<revenue>108050</revenue>
				<goals>
					<row idgoal='1'>
						<nb_conversions>4</nb_conversions>
						<revenue>0</revenue>
						<nb_visits_converted>3</nb_visits_converted>
					</row>
					<row idgoal='2'>
						<nb_conversions>6</nb_conversions>
						<revenue>0</revenue>
						<nb_visits_converted>5</nb_visits_converted>
					</row>
					<row idgoal='3'>
						<nb_conversions>0</nb_conversions>
						<revenue>0</revenue>
						<nb_visits_converted>0</nb_visits_converted>
					</row>
					<row idgoal='4'>
						<nb_conversions>0</nb_conversions>
						<revenue>0</revenue>
						<nb_visits_converted>0</nb_visits_converted>
					</row>
					<row idgoal='5'>
						<nb_conversions>0</nb_conversions>
						<revenue>0</revenue>
						<nb_visits_converted>0</nb_visits_converted>
					</row>
					<row idgoal='ecommerceOrder'>
						<nb_conversions>10</nb_conversions>
						<revenue>108050</revenue>
						<items>76</items>
					</row>
				</goals>
				<sum_daily_nb_uniq_visitors>20</sum_daily_nb_uniq_visitors>
			</row>
		</subtable>
	</row>
	<row>
		<label>emperordivers.com</label>
		<nb_visits>57</nb_visits>
		<nb_actions>208</nb_actions>
		<sum_visit_length>998</sum_visit_length>
		<bounce_count>9</bounce_count>
		<nb_visits_converted>14</nb_visits_converted>
		<nb_conversions>35</nb_conversions>
		<revenue>153543</revenue>
		<goals>
			<row idgoal='1'>
				<nb_conversions>12</nb_conversions>
				<revenue>0</revenue>
				<nb_visits_converted>9</nb_visits_converted>
			</row>
			<row idgoal='2'>
				<nb_conversions>4</nb_conversions>
				<revenue>0</revenue>
				<nb_visits_converted>2</nb_visits_converted>
			</row>
			<row idgoal='3'>
				<nb_conversions>0</nb_conversions>
				<revenue>0</revenue>
				<nb_visits_converted>0</nb_visits_converted>
			</row>
			<row idgoal='4'>
				<nb_conversions>0</nb_conversions>
				<revenue>0</revenue>
				<nb_visits_converted>0</nb_visits_converted>
			</row>
			<row idgoal='5'>
				<nb_conversions>0</nb_conversions>
				<revenue>0</revenue>
				<nb_visits_converted>0</nb_visits_converted>
			</row>
			<row idgoal='ecommerceOrder'>
				<nb_conversions>19</nb_conversions>
				<revenue>153543</revenue>
				<items>125</items>
			</row>
		</goals>
		<sum_daily_nb_uniq_visitors>39</sum_daily_nb_uniq_visitors>
		<segment>referrerName==emperordivers.com</segment>
		<subtable>
			<row>
				<label>http://emperordivers.com/blog/dive-courses</label>
				<nb_visits>29</nb_visits>
				<nb_actions>125</nb_actions>
				<sum_visit_length>773</sum_visit_length>
				<bounce_count>5</bounce_count>
				<nb_visits_converted>7</nb_visits_converted>
				<nb_conversions>20</nb_conversions>
				<revenue>95794</revenue>
				<goals>
					<row idgoal='1'>
						<nb_conversions>6</nb_conversions>
						<revenue>0</revenue>
						<nb_visits_converted>5</nb_visits_converted>
					</row>
					<row idgoal='2'>
						<nb_conversions>2</nb_conversions>
						<revenue>0</revenue>
						<nb_visits_converted>2</nb_visits_converted>
					</row>
					<row idgoal='3'>
						<nb_conversions>0</nb_conversions>
						<revenue>0</revenue>
						<nb_visits_converted>0</nb_visits_converted>
					</row>
					<row idgoal='4'>
						<nb_conversions>0</nb_conversions>
						<revenue>0</revenue>
						<nb_visits_converted>0</nb_visits_converted>
					</row>
					<row idgoal='5'>
						<nb_conversions>0</nb_conversions>
						<revenue>0</revenue>
						<nb_visits_converted>0</nb_visits_converted>
					</row>
					<row idgoal='ecommerceOrder'>
						<nb_conversions>12</nb_conversions>
						<revenue>95794</revenue>
						<items>85</items>
					</row>
				</goals>
				<sum_daily_nb_uniq_visitors>18</sum_daily_nb_uniq_visitors>
			</row>
			<row>
				<label>http://emperordivers.com/blog/conservation</label>
				<nb_visits>28</nb_visits>
				<nb_actions>83</nb_actions>
				<sum_visit_length>225</sum_visit_length>
				<bounce_count>4</bounce_count>
				<nb_visits_converted>7</nb_visits_converted>
				<nb_conversions>15</nb_conversions>
				<revenue>57749</revenue>
				<goals>
					<row idgoal='1'>
						<nb_conversions>6</nb_conversions>
						<revenue>0</revenue>
						<nb_visits_converted>4</nb_visits_converted>
					</row>
					<row idgoal='2'>
						<nb_conversions>2</nb_conversions>
						<revenue>0</revenue>
						<nb_visits_converted>0</nb_visits_converted>
					</row>
					<row idgoal='3'>
						<nb_conversions>0</nb_conversions>
						<revenue>0</revenue>
						<nb_visits_converted>0</nb_visits_converted>
					</row>
					<row idgoal='4'>
						<nb_conversions>0</nb_conversions>
						<revenue>0</revenue>
						<nb_visits_converted>0</nb_visits_converted>
					</row>
					<row idgoal='5'>
						<nb_conversions>0</nb_conversions>
						<revenue>0</revenue>
						<nb_visits_converted>0</nb_visits_converted>
					</row>
					<row idgoal='ecommerceOrder'>
						<nb_conversions>7</nb_conversions>
						<revenue>57749</revenue>
						<items>40</items>
					</row>
				</goals>
				<sum_daily_nb_uniq_visitors>21</sum_daily_nb_uniq_visitors>
			</row>
		</subtable>
	</row>
	<row>
		<label>divein.com</label>
		<nb_visits>54</nb_visits>
		<nb_actions>217</nb_actions>
		<sum_visit_length>2432</sum_visit_length>
		<bounce_count>8</bounce_count>
		<nb_visits_converted>24</nb_visits_converted>
		<nb_conversions>44</nb_conversions>
		<revenue>165091</revenue>
		<goals>
			<row idgoal='1'>
				<nb_conversions>11</nb_conversions>
				<revenue>0</revenue>
				<nb_visits_converted>9</nb_visits_converted>
			</row>
			<row idgoal='2'>
				<nb_conversions>14</nb_conversions>
				<revenue>0</revenue>
				<nb_visits_converted>13</nb_visits_converted>
			</row>
			<row idgoal='3'>
				<nb_conversions>0</nb_conversions>
				<revenue>0</revenue>
				<nb_visits_converted>0</nb_visits_converted>
			</row>
			<row idgoal='4'>
				<nb_conversions>0</nb_conversions>
				<revenue>0</revenue>
				<nb_visits_converted>0</nb_visits_converted>
			</row>
			<row idgoal='5'>
				<nb_conversions>0</nb_conversions>
				<revenue>0</revenue>
				<nb_visits_converted>0</nb_visits_converted>
			</row>
			<row idgoal='ecommerceOrder'>
				<nb_conversions>19</nb_conversions>
				<revenue>165091</revenue>
				<items>132</items>
			</row>
		</goals>
		<sum_daily_nb_uniq_visitors>41</sum_daily_nb_uniq_visitors>
		<segment>referrerName==divein.com</segment>
		<subtable>
			<row>
				<label>http://divein.com/guide/how-to-become-a-padi-dive-instructor</label>
				<nb_visits>32</nb_visits>
				<nb_actions>150</nb_actions>
				<sum_visit_length>1112</sum_visit_length>
				<bounce_count>4</bounce_count>
				<nb_visits_converted>14</nb_visits_converted>
				<nb_conversions>29</nb_conversions>
				<revenue>145714</revenue>
				<goals>
					<row idgoal='1'>
						<nb_conversions>7</nb_conversions>
						<revenue>0</revenue>
						<nb_visits_converted>6</nb_visits_converted>
					</row>
					<row idgoal='2'>
						<nb_conversions>8</nb_conversions>
						<revenue>0</revenue>
						<nb_visits_converted>8</nb_visits_converted>
					</row>
					<row idgoal='3'>
						<nb_conversions>0</nb_conversions>
						<revenue>0</revenue>
						<nb_visits_converted>0</nb_visits_converted>
					</row>
					<row idgoal='4'>
						<nb_conversions>0</nb_conversions>
						<revenue>0</revenue>
						<nb_visits_converted>0</nb_visits_converted>
					</row>
					<row idgoal='5'>
						<nb_conversions>0</nb_conversions>
						<revenue>0</revenue>
						<nb_visits_converted>0</nb_visits_converted>
					</row>
					<row idgoal='ecommerceOrder'>
						<nb_conversions>14</nb_conversions>
						<revenue>145714</revenue>
						<items>114</items>
					</row>
				</goals>
				<sum_daily_nb_uniq_visitors>23</sum_daily_nb_uniq_visitors>
			</row>
			<row>
				<label>http://divein.com/guide/going-pro-become-a-dive-master</label>
				<nb_visits>22</nb_visits>
				<nb_actions>67</nb_actions>
				<sum_visit_length>1320</sum_visit_length>
				<bounce_count>4</bounce_count>
				<nb_visits_converted>10</nb_visits_converted>
				<nb_conversions>15</nb_conversions>
				<revenue>19377</revenue>
				<goals>
					<row idgoal='1'>
						<nb_conversions>4</nb_conversions>
						<revenue>0</revenue>
						<nb_visits_converted>3</nb_visits_converted>
					</row>
					<row idgoal='2'>
						<nb_conversions>6</nb_conversions>
						<revenue>0</revenue>
						<nb_visits_converted>5</nb_visits_converted>
					</row>
					<row idgoal='3'>
						<nb_conversions>0</nb_conversions>
						<revenue>0</revenue>
						<nb_visits_converted>0</nb_visits_converted>
					</row>
					<row idgoal='4'>
						<nb_conversions>0</nb_conversions>
						<revenue>0</revenue>
						<nb_visits_converted>0</nb_visits_converted>
					</row>
					<row idgoal='5'>
						<nb_conversions>0</nb_conversions>
						<revenue>0</revenue>
						<nb_visits_converted>0</nb_visits_converted>
					</row>
					<row idgoal='ecommerceOrder'>
						<nb_conversions>5</nb_conversions>
						<revenue>19377</revenue>
						<items>18</items>
					</row>
				</goals>
				<sum_daily_nb_uniq_visitors>18</sum_daily_nb_uniq_visitors>
			</row>
		</subtable>
	</row>
	<row>
		<label>divebums.com</label>
		<nb_visits>40</nb_visits>
		<nb_actions>179</nb_actions>
		<sum_visit_length>1719</sum_visit_length>
		<bounce_count>6</bounce_count>
		<nb_visits_converted>17</nb_visits_converted>
		<nb_conversions>36</nb_conversions>
		<revenue>154220</revenue>
		<goals>
			<row idgoal='1'>
				<nb_conversions>6</nb_conversions>
				<revenue>0</revenue>
				<nb_visits_converted>5</nb_visits_converted>
			</row>
			<row idgoal='2'>
				<nb_conversions>13</nb_conversions>
				<revenue>0</revenue>
				<nb_visits_converted>11</nb_visits_converted>
			</row>
			<row idgoal='3'>
				<nb_conversions>0</nb_conversions>
				<revenue>0</revenue>
				<nb_visits_converted>0</nb_visits_converted>
			</row>
			<row idgoal='4'>
				<nb_conversions>0</nb_conversions>
				<revenue>0</revenue>
				<nb_visits_converted>0</nb_visits_converted>
			</row>
			<row idgoal='5'>
				<nb_conversions>0</nb_conversions>
				<revenue>0</revenue>
				<nb_visits_converted>0</nb_visits_converted>
			</row>
			<row idgoal='ecommerceOrder'>
				<nb_conversions>17</nb_conversions>
				<revenue>154220</revenue>
				<items>113</items>
			</row>
		</goals>
		<sum_daily_nb_uniq_visitors>32</sum_daily_nb_uniq_visitors>
		<segment>referrerName==divebums.com</segment>
		<subtable>
			<row>
				<label>http://divebums.com/dive-sites/La-Jolla-Shores.html</label>
				<nb_visits>21</nb_visits>
				<nb_actions>94</nb_actions>
				<sum_visit_length>1341</sum_visit_length>
				<bounce_count>3</bounce_count>
				<nb_visits_converted>7</nb_visits_converted>
				<nb_conversions>16</nb_conversions>
				<revenue>57660</revenue>
				<goals>
					<row idgoal='1'>
						<nb_conversions>2</nb_conversions>
						<revenue>0</revenue>
						<nb_visits_converted>1</nb_visits_converted>
					</row>
					<row idgoal='2'>
						<nb_conversions>6</nb_conversions>
						<revenue>0</revenue>
						<nb_visits_converted>5</nb_visits_converted>
					</row>
					<row idgoal='3'>
						<nb_conversions>0</nb_conversions>
						<revenue>0</revenue>
						<nb_visits_converted>0</nb_visits_converted>
					</row>
					<row idgoal='4'>
						<nb_conversions>0</nb_conversions>
						<revenue>0</revenue>
						<nb_visits_converted>0</nb_visits_converted>
					</row>
					<row idgoal='5'>
						<nb_conversions>0</nb_conversions>
						<revenue>0</revenue>
						<nb_visits_converted>0</nb_visits_converted>
					</row>
					<row idgoal='ecommerceOrder'>
						<nb_conversions>8</nb_conversions>
						<revenue>57660</revenue>
						<items>39</items>
					</row>
				</goals>
				<sum_daily_nb_uniq_visitors>17</sum_daily_nb_uniq_visitors>
			</row>
			<row>
				<label>http://divebums.com/dive-sites/index.html</label>
				<nb_visits>19</nb_visits>
				<nb_actions>85</nb_actions>
				<sum_visit_length>378</sum_visit_length>
				<bounce_count>3</bounce_count>
				<nb_visits_converted>10</nb_visits_converted>
				<nb_conversions>20</nb_conversions>
				<revenue>96560</revenue>
				<goals>
					<row idgoal='1'>
						<nb_conversions>4</nb_conversions>
						<revenue>0</revenue>
						<nb_visits_converted>4</nb_visits_converted>
					</row>
					<row idgoal='2'>
						<nb_conversions>7</nb_conversions>
						<revenue>0</revenue>
						<nb_visits_converted>6</nb_visits_converted>
					</row>
					<row idgoal='3'>
						<nb_conversions>0</nb_conversions>
						<revenue>0</revenue>
						<nb_visits_converted>0</nb_visits_converted>
					</row>
					<row idgoal='4'>
						<nb_conversions>0</nb_conversions>
						<revenue>0</revenue>
						<nb_visits_converted>0</nb_visits_converted>
					</row>
					<row idgoal='5'>
						<nb_conversions>0</nb_conversions>
						<revenue>0</revenue>
						<nb_visits_converted>0</nb_visits_converted>
					</row>
					<row idgoal='ecommerceOrder'>
						<nb_conversions>9</nb_conversions>
						<revenue>96560</revenue>
						<items>74</items>
					</row>
				</goals>
				<sum_daily_nb_uniq_visitors>15</sum_daily_nb_uniq_visitors>
			</row>
		</subtable>
	</row>
	<row>
		<label>oahuscubadiving.com</label>
		<nb_visits>16</nb_visits>
		<nb_actions>60</nb_actions>
		<sum_visit_length>248</sum_visit_length>
		<bounce_count>1</bounce_count>
		<nb_visits_converted>3</nb_visits_converted>
		<nb_conversions>10</nb_conversions>
		<revenue>68559</revenue>
		<goals>
			<row idgoal='1'>
				<nb_conversions>3</nb_conversions>
				<revenue>0</revenue>
				<nb_visits_converted>2</nb_visits_converted>
			</row>
			<row idgoal='2'>
				<nb_conversions>1</nb_conversions>
				<revenue>0</revenue>
				<nb_visits_converted>1</nb_visits_converted>
			</row>
			<row idgoal='3'>
				<nb_conversions>0</nb_conversions>
				<revenue>0</revenue>
				<nb_visits_converted>0</nb_visits_converted>
			</row>
			<row idgoal='4'>
				<nb_conversions>0</nb_conversions>
				<revenue>0</revenue>
				<nb_visits_converted>0</nb_visits_converted>
			</row>
			<row idgoal='5'>
				<nb_conversions>0</nb_conversions>
				<revenue>0</revenue>
				<nb_visits_converted>0</nb_visits_converted>
			</row>
			<row idgoal='ecommerceOrder'>
				<nb_conversions>6</nb_conversions>
				<revenue>68559</revenue>
				<items>49</items>
			</row>
		</goals>
		<sum_daily_nb_uniq_visitors>12</sum_daily_nb_uniq_visitors>
		<segment>referrerName==oahuscubadiving.com</segment>
		<subtable>
			<row>
				<label>http://oahuscubadiving.com/oahu-dive-sites/</label>
				<nb_visits>16</nb_visits>
				<nb_actions>60</nb_actions>
				<sum_visit_length>248</sum_visit_length>
				<bounce_count>1</bounce_count>
				<nb_visits_converted>3</nb_visits_converted>
				<nb_conversions>10</nb_conversions>
				<revenue>68559</revenue>
				<goals>
					<row idgoal='1'>
						<nb_conversions>3</nb_conversions>
						<revenue>0</revenue>
						<nb_visits_converted>2</nb_visits_converted>
					</row>
					<row idgoal='2'>
						<nb_conversions>1</nb_conversions>
						<revenue>0</revenue>
						<nb_visits_converted>1</nb_visits_converted>
					</row>
					<row idgoal='3'>
						<nb_conversions>0</nb_conversions>
						<revenue>0</revenue>
						<nb_visits_converted>0</nb_visits_converted>
					</row>
					<row idgoal='4'>
						<nb_conversions>0</nb_conversions>
						<revenue>0</revenue>
						<nb_visits_converted>0</nb_visits_converted>
					</row>
					<row idgoal='5'>
						<nb_conversions>0</nb_conversions>
						<revenue>0</revenue>
						<nb_visits_converted>0</nb_visits_converted>
					</row>
					<row idgoal='ecommerceOrder'>
						<nb_conversions>6</nb_conversions>
						<revenue>68559</revenue>
						<items>49</items>
					</row>
				</goals>
				<sum_daily_nb_uniq_visitors>12</sum_daily_nb_uniq_visitors>
			</row>
		</subtable>
	</row>
	<row>
		<label>phpmyvisites.net</label>
		<nb_visits>1</nb_visits>
		<nb_actions>2</nb_actions>
		<sum_visit_length>44</sum_visit_length>
		<bounce_count>0</bounce_count>
		<nb_visits_converted>0</nb_visits_converted>
		<nb_conversions>0</nb_conversions>
		<revenue>0</revenue>
		<goals>
			<row idgoal='1'>
				<nb_conversions>0</nb_conversions>
				<revenue>0</revenue>
				<nb_visits_converted>0</nb_visits_converted>
			</row>
			<row idgoal='2'>
				<nb_conversions>0</nb_conversions>
				<revenue>0</revenue>
				<nb_visits_converted>0</nb_visits_converted>
			</row>
			<row idgoal='3'>
				<nb_conversions>0</nb_conversions>
				<revenue>0</revenue>
				<nb_visits_converted>0</nb_visits_converted>
			</row>
			<row idgoal='4'>
				<nb_conversions>0</nb_conversions>
				<revenue>0</revenue>
				<nb_visits_converted>0</nb_visits_converted>
			</row>
			<row idgoal='5'>
				<nb_conversions>0</nb_conversions>
				<revenue>0</revenue>
				<nb_visits_converted>0</nb_visits_converted>
			</row>
			<row idgoal='ecommerceOrder'>
				<nb_conversions>0</nb_conversions>
				<revenue>0</revenue>
				<items>0</items>
			</row>
		</goals>
		<sum_daily_nb_uniq_visitors>1</sum_daily_nb_uniq_visitors>
		<segment>referrerName==phpmyvisites.net</segment>
		<subtable>
			<row>
				<label>http://phpmyvisites.net/newsletter.html</label>
				<nb_visits>1</nb_visits>
				<nb_actions>2</nb_actions>
				<sum_visit_length>44</sum_visit_length>
				<bounce_count>0</bounce_count>
				<nb_visits_converted>0</nb_visits_converted>
				<nb_conversions>0</nb_conversions>
				<revenue>0</revenue>
				<goals>
					<row idgoal='1'>
						<nb_conversions>0</nb_conversions>
						<revenue>0</revenue>
						<nb_visits_converted>0</nb_visits_converted>
					</row>
					<row idgoal='2'>
						<nb_conversions>0</nb_conversions>
						<revenue>0</revenue>
						<nb_visits_converted>0</nb_visits_converted>
					</row>
					<row idgoal='3'>
						<nb_conversions>0</nb_conversions>
						<revenue>0</revenue>
						<nb_visits_converted>0</nb_visits_converted>
					</row>
					<row idgoal='4'>
						<nb_conversions>0</nb_conversions>
						<revenue>0</revenue>
						<nb_visits_converted>0</nb_visits_converted>
					</row>
					<row idgoal='5'>
						<nb_conversions>0</nb_conversions>
						<revenue>0</revenue>
						<nb_visits_converted>0</nb_visits_converted>
					</row>
					<row idgoal='ecommerceOrder'>
						<nb_conversions>0</nb_conversions>
						<revenue>0</revenue>
						<items>0</items>
					</row>
				</goals>
				<sum_daily_nb_uniq_visitors>1</sum_daily_nb_uniq_visitors>
			</row>
		</subtable>
	</row>
	<row>
		<label>qwant.com</label>
		<nb_visits>1</nb_visits>
		<nb_actions>2</nb_actions>
		<sum_visit_length>14</sum_visit_length>
		<bounce_count>0</bounce_count>
		<nb_visits_converted>0</nb_visits_converted>
		<nb_conversions>0</nb_conversions>
		<revenue>0</revenue>
		<goals>
			<row idgoal='1'>
				<nb_conversions>0</nb_conversions>
				<revenue>0</revenue>
				<nb_visits_converted>0</nb_visits_converted>
			</row>
			<row idgoal='2'>
				<nb_conversions>0</nb_conversions>
				<revenue>0</revenue>
				<nb_visits_converted>0</nb_visits_converted>
			</row>
			<row idgoal='3'>
				<nb_conversions>0</nb_conversions>
				<revenue>0</revenue>
				<nb_visits_converted>0</nb_visits_converted>
			</row>
			<row idgoal='4'>
				<nb_conversions>0</nb_conversions>
				<revenue>0</revenue>
				<nb_visits_converted>0</nb_visits_converted>
			</row>
			<row idgoal='5'>
				<nb_conversions>0</nb_conversions>
				<revenue>0</revenue>
				<nb_visits_converted>0</nb_visits_converted>
			</row>
			<row idgoal='ecommerceOrder'>
				<nb_conversions>0</nb_conversions>
				<revenue>0</revenue>
				<items>0</items>
			</row>
		</goals>
		<sum_daily_nb_uniq_visitors>1</sum_daily_nb_uniq_visitors>
		<segment>referrerName==qwant.com</segment>
		<subtable>
			<row>
				<label>http://qwant.com/</label>
				<nb_visits>1</nb_visits>
				<nb_actions>2</nb_actions>
				<sum_visit_length>14</sum_visit_length>
				<bounce_count>0</bounce_count>
				<nb_visits_converted>0</nb_visits_converted>
				<nb_conversions>0</nb_conversions>
				<revenue>0</revenue>
				<goals>
					<row idgoal='1'>
						<nb_conversions>0</nb_conversions>
						<revenue>0</revenue>
						<nb_visits_converted>0</nb_visits_converted>
					</row>
					<row idgoal='2'>
						<nb_conversions>0</nb_conversions>
						<revenue>0</revenue>
						<nb_visits_converted>0</nb_visits_converted>
					</row>
					<row idgoal='3'>
						<nb_conversions>0</nb_conversions>
						<revenue>0</revenue>
						<nb_visits_converted>0</nb_visits_converted>
					</row>
					<row idgoal='4'>
						<nb_conversions>0</nb_conversions>
						<revenue>0</revenue>
						<nb_visits_converted>0</nb_visits_converted>
					</row>
					<row idgoal='5'>
						<nb_conversions>0</nb_conversions>
						<revenue>0</revenue>
						<nb_visits_converted>0</nb_visits_converted>
					</row>
					<row idgoal='ecommerceOrder'>
						<nb_conversions>0</nb_conversions>
						<revenue>0</revenue>
						<items>0</items>
					</row>
				</goals>
				<sum_daily_nb_uniq_visitors>1</sum_daily_nb_uniq_visitors>
			</row>
		</subtable>
	</row>
</result>