<?xml version="1.0" encoding="utf-8" ?>
<result>
	<row>
		<label>0 days</label>
		<nb_visits>651</nb_visits>
		<nb_actions>2286</nb_actions>
		<sum_visit_length>29760</sum_visit_length>
		<bounce_count>161</bounce_count>
		<nb_visits_converted>192</nb_visits_converted>
		<nb_conversions>399</nb_conversions>
		<revenue>1834225</revenue>
		<goals>
			<row idgoal='1'>
				<nb_conversions>101</nb_conversions>
				<revenue>0</revenue>
				<nb_visits_converted>98</nb_visits_converted>
			</row>
			<row idgoal='2'>
				<nb_conversions>84</nb_conversions>
				<revenue>0</revenue>
				<nb_visits_converted>82</nb_visits_converted>
			</row>
			<row idgoal='3'>
				<nb_conversions>9</nb_conversions>
				<revenue>0</revenue>
				<nb_visits_converted>6</nb_visits_converted>
			</row>
			<row idgoal='4'>
				<nb_conversions>0</nb_conversions>
				<revenue>0</revenue>
				<nb_visits_converted>0</nb_visits_converted>
			</row>
			<row idgoal='5'>
				<nb_conversions>0</nb_conversions>
				<revenue>0</revenue>
				<nb_visits_converted>0</nb_visits_converted>
			</row>
			<row idgoal='ecommerceOrder'>
				<nb_conversions>205</nb_conversions>
				<revenue>1834225</revenue>
				<items>1372</items>
			</row>
		</goals>
		<sum_daily_nb_uniq_visitors>217</sum_daily_nb_uniq_visitors>
		<segment>daysSinceLastVisit==0</segment>
	</row>
	<row>
		<label>1 day</label>
		<nb_visits>21</nb_visits>
		<nb_actions>94</nb_actions>
		<sum_visit_length>1561</sum_visit_length>
		<bounce_count>1</bounce_count>
		<nb_visits_converted>5</nb_visits_converted>
		<nb_conversions>15</nb_conversions>
		<revenue>82612</revenue>
		<goals>
			<row idgoal='1'>
				<nb_conversions>2</nb_conversions>
				<revenue>0</revenue>
				<nb_visits_converted>2</nb_visits_converted>
			</row>
			<row idgoal='2'>
				<nb_conversions>4</nb_conversions>
				<revenue>0</revenue>
				<nb_visits_converted>3</nb_visits_converted>
			</row>
			<row idgoal='3'>
				<nb_conversions>0</nb_conversions>
				<revenue>0</revenue>
				<nb_visits_converted>0</nb_visits_converted>
			</row>
			<row idgoal='4'>
				<nb_conversions>0</nb_conversions>
				<revenue>0</revenue>
				<nb_visits_converted>0</nb_visits_converted>
			</row>
			<row idgoal='5'>
				<nb_conversions>0</nb_conversions>
				<revenue>0</revenue>
				<nb_visits_converted>0</nb_visits_converted>
			</row>
			<row idgoal='ecommerceOrder'>
				<nb_conversions>9</nb_conversions>
				<revenue>82612</revenue>
				<items>57</items>
			</row>
		</goals>
		<sum_daily_nb_uniq_visitors>21</sum_daily_nb_uniq_visitors>
		<segment>daysSinceLastVisit==1</segment>
	</row>
	<row>
		<label>2 days</label>
		<nb_visits>6</nb_visits>
		<nb_actions>20</nb_actions>
		<sum_visit_length>704</sum_visit_length>
		<bounce_count>1</bounce_count>
		<nb_visits_converted>3</nb_visits_converted>
		<nb_conversions>4</nb_conversions>
		<revenue>10088</revenue>
		<goals>
			<row idgoal='1'>
				<nb_conversions>2</nb_conversions>
				<revenue>0</revenue>
				<nb_visits_converted>1</nb_visits_converted>
			</row>
			<row idgoal='2'>
				<nb_conversions>1</nb_conversions>
				<revenue>0</revenue>
				<nb_visits_converted>1</nb_visits_converted>
			</row>
			<row idgoal='3'>
				<nb_conversions>0</nb_conversions>
				<revenue>0</revenue>
				<nb_visits_converted>0</nb_visits_converted>
			</row>
			<row idgoal='4'>
				<nb_conversions>0</nb_conversions>
				<revenue>0</revenue>
				<nb_visits_converted>0</nb_visits_converted>
			</row>
			<row idgoal='5'>
				<nb_conversions>0</nb_conversions>
				<revenue>0</revenue>
				<nb_visits_converted>0</nb_visits_converted>
			</row>
			<row idgoal='ecommerceOrder'>
				<nb_conversions>1</nb_conversions>
				<revenue>10088</revenue>
				<items>10</items>
			</row>
		</goals>
		<sum_daily_nb_uniq_visitors>6</sum_daily_nb_uniq_visitors>
		<segment>daysSinceLastVisit==2</segment>
	</row>
	<row>
		<label>3 days</label>
		<nb_visits>1</nb_visits>
		<nb_actions>1</nb_actions>
		<sum_visit_length>0</sum_visit_length>
		<bounce_count>1</bounce_count>
		<nb_visits_converted>0</nb_visits_converted>
		<nb_conversions>0</nb_conversions>
		<revenue>0</revenue>
		<goals>
			<row idgoal='1'>
				<nb_conversions>0</nb_conversions>
				<revenue>0</revenue>
				<nb_visits_converted>0</nb_visits_converted>
			</row>
			<row idgoal='2'>
				<nb_conversions>0</nb_conversions>
				<revenue>0</revenue>
				<nb_visits_converted>0</nb_visits_converted>
			</row>
			<row idgoal='3'>
				<nb_conversions>0</nb_conversions>
				<revenue>0</revenue>
				<nb_visits_converted>0</nb_visits_converted>
			</row>
			<row idgoal='4'>
				<nb_conversions>0</nb_conversions>
				<revenue>0</revenue>
				<nb_visits_converted>0</nb_visits_converted>
			</row>
			<row idgoal='5'>
				<nb_conversions>0</nb_conversions>
				<revenue>0</revenue>
				<nb_visits_converted>0</nb_visits_converted>
			</row>
			<row idgoal='ecommerceOrder'>
				<nb_conversions>0</nb_conversions>
				<revenue>0</revenue>
				<items>0</items>
			</row>
		</goals>
		<sum_daily_nb_uniq_visitors>1</sum_daily_nb_uniq_visitors>
		<segment>daysSinceLastVisit==3</segment>
	</row>
	<row>
		<label>4 days</label>
		<segment>daysSinceLastVisit==4</segment>
	</row>
	<row>
		<label>5 days</label>
		<segment>daysSinceLastVisit==5</segment>
	</row>
	<row>
		<label>6 days</label>
		<nb_visits>1</nb_visits>
		<nb_actions>1</nb_actions>
		<sum_visit_length>0</sum_visit_length>
		<bounce_count>1</bounce_count>
		<nb_visits_converted>0</nb_visits_converted>
		<nb_conversions>0</nb_conversions>
		<revenue>0</revenue>
		<goals>
			<row idgoal='1'>
				<nb_conversions>0</nb_conversions>
				<revenue>0</revenue>
				<nb_visits_converted>0</nb_visits_converted>
			</row>
			<row idgoal='2'>
				<nb_conversions>0</nb_conversions>
				<revenue>0</revenue>
				<nb_visits_converted>0</nb_visits_converted>
			</row>
			<row idgoal='3'>
				<nb_conversions>0</nb_conversions>
				<revenue>0</revenue>
				<nb_visits_converted>0</nb_visits_converted>
			</row>
			<row idgoal='4'>
				<nb_conversions>0</nb_conversions>
				<revenue>0</revenue>
				<nb_visits_converted>0</nb_visits_converted>
			</row>
			<row idgoal='5'>
				<nb_conversions>0</nb_conversions>
				<revenue>0</revenue>
				<nb_visits_converted>0</nb_visits_converted>
			</row>
			<row idgoal='ecommerceOrder'>
				<nb_conversions>0</nb_conversions>
				<revenue>0</revenue>
				<items>0</items>
			</row>
		</goals>
		<sum_daily_nb_uniq_visitors>1</sum_daily_nb_uniq_visitors>
		<segment>daysSinceLastVisit==6</segment>
	</row>
	<row>
		<label>7 days</label>
		<segment>daysSinceLastVisit==7</segment>
	</row>
	<row>
		<label>8 - 14 days</label>
		<segment>daysSinceLastVisit&gt;=8;daysSinceLastVisit&lt;=14</segment>
	</row>
	<row>
		<label>15 - 30 days</label>
		<segment>daysSinceLastVisit&gt;=15;daysSinceLastVisit&lt;=30</segment>
	</row>
	<row>
		<label>31 - 60 days</label>
		<segment>daysSinceLastVisit&gt;=31;daysSinceLastVisit&lt;=60</segment>
	</row>
	<row>
		<label>61 - 120 days</label>
		<segment>daysSinceLastVisit&gt;=61;daysSinceLastVisit&lt;=120</segment>
	</row>
	<row>
		<label>121 - 364 days</label>
		<segment>daysSinceLastVisit&gt;=121;daysSinceLastVisit&lt;=364</segment>
	</row>
	<row>
		<label>365+ days</label>
		<nb_visits>0</nb_visits>
		<segment>daysSinceLastVisit&gt;=365</segment>
	</row>
	<row>
		<label>New visits</label>
		<nb_visits>1</nb_visits>
		<segment>visitorType==new</segment>
	</row>
	<row>
		<label>0 days</label>
		<nb_visits>0</nb_visits>
		<segment>daysSinceLastVisit==0</segment>
	</row>
	<row>
		<label>1 day</label>
		<nb_visits>0</nb_visits>
		<segment>daysSinceLastVisit==1</segment>
	</row>
	<row>
		<label>2 days</label>
		<nb_visits>0</nb_visits>
		<segment>daysSinceLastVisit==2</segment>
	</row>
	<row>
		<label>3 days</label>
		<nb_visits>0</nb_visits>
		<segment>daysSinceLastVisit==3</segment>
	</row>
	<row>
		<label>4 days</label>
		<nb_visits>0</nb_visits>
		<segment>daysSinceLastVisit==4</segment>
	</row>
	<row>
		<label>5 days</label>
		<nb_visits>0</nb_visits>
		<segment>daysSinceLastVisit==5</segment>
	</row>
	<row>
		<label>6 days</label>
		<nb_visits>0</nb_visits>
		<segment>daysSinceLastVisit==6</segment>
	</row>
	<row>
		<label>7 days</label>
		<nb_visits>0</nb_visits>
		<segment>daysSinceLastVisit==7</segment>
	</row>
	<row>
		<label>8-14 days</label>
		<nb_visits>0</nb_visits>
		<segment>daysSinceLastVisit&gt;=8;daysSinceLastVisit&lt;=14</segment>
	</row>
	<row>
		<label>15-30 days</label>
		<nb_visits>0</nb_visits>
		<segment>daysSinceLastVisit&gt;=15;daysSinceLastVisit&lt;=30</segment>
	</row>
	<row>
		<label>31-60 days</label>
		<nb_visits>0</nb_visits>
		<segment>daysSinceLastVisit&gt;=31;daysSinceLastVisit&lt;=60</segment>
	</row>
	<row>
		<label>61-120 days</label>
		<nb_visits>0</nb_visits>
		<segment>daysSinceLastVisit&gt;=61;daysSinceLastVisit&lt;=120</segment>
	</row>
	<row>
		<label>121-364 days</label>
		<nb_visits>0</nb_visits>
		<segment>daysSinceLastVisit&gt;=121;daysSinceLastVisit&lt;=364</segment>
	</row>
</result>