<?xml version="1.0" encoding="utf-8" ?>
<result>
	<row>
		<label>Firefox 3.6</label>
		<nb_visits>1</nb_visits>
		<nb_actions>2</nb_actions>
		<max_actions>2</max_actions>
		<sum_visit_length>121</sum_visit_length>
		<bounce_count>0</bounce_count>
		<nb_visits_converted>0</nb_visits_converted>
		<sum_daily_nb_uniq_visitors>1</sum_daily_nb_uniq_visitors>
		<sum_daily_nb_users>0</sum_daily_nb_users>
		<segment>browserCode==FF;browserVersion==3.6</segment>
		<logo>plugins/Morpheus/icons/dist/browsers/FF.png</logo>
	</row>
</result>