<?xml version="1.0" encoding="utf-8" ?>
<result>
	<row>
		<label>WebKit (Safari)</label>
		<nb_visits>266</nb_visits>
		<nb_actions>958</nb_actions>
		<sum_visit_length>12529</sum_visit_length>
		<bounce_count>68</bounce_count>
		<nb_visits_converted>65</nb_visits_converted>
		<nb_conversions>148</nb_conversions>
		<revenue>814281</revenue>
		<goals>
			<row idgoal='1'>
				<nb_conversions>33</nb_conversions>
				<revenue>0</revenue>
				<nb_visits_converted>27</nb_visits_converted>
			</row>
			<row idgoal='2'>
				<nb_conversions>33</nb_conversions>
				<revenue>0</revenue>
				<nb_visits_converted>30</nb_visits_converted>
			</row>
			<row idgoal='3'>
				<nb_conversions>3</nb_conversions>
				<revenue>0</revenue>
				<nb_visits_converted>3</nb_visits_converted>
			</row>
			<row idgoal='4'>
				<nb_conversions>0</nb_conversions>
				<revenue>0</revenue>
				<nb_visits_converted>0</nb_visits_converted>
			</row>
			<row idgoal='5'>
				<nb_conversions>0</nb_conversions>
				<revenue>0</revenue>
				<nb_visits_converted>0</nb_visits_converted>
			</row>
			<row idgoal='ecommerceOrder'>
				<nb_conversions>79</nb_conversions>
				<revenue>814281</revenue>
				<items>592</items>
			</row>
		</goals>
		<sum_daily_nb_uniq_visitors>193</sum_daily_nb_uniq_visitors>
		<segment>browserEngine==WebKit</segment>
	</row>
	<row>
		<label>Trident (IE)</label>
		<nb_visits>95</nb_visits>
		<nb_actions>425</nb_actions>
		<sum_visit_length>2049</sum_visit_length>
		<bounce_count>14</bounce_count>
		<nb_visits_converted>20</nb_visits_converted>
		<nb_conversions>61</nb_conversions>
		<revenue>413325</revenue>
		<goals>
			<row idgoal='1'>
				<nb_conversions>10</nb_conversions>
				<revenue>0</revenue>
				<nb_visits_converted>9</nb_visits_converted>
			</row>
			<row idgoal='2'>
				<nb_conversions>11</nb_conversions>
				<revenue>0</revenue>
				<nb_visits_converted>10</nb_visits_converted>
			</row>
			<row idgoal='3'>
				<nb_conversions>0</nb_conversions>
				<revenue>0</revenue>
				<nb_visits_converted>0</nb_visits_converted>
			</row>
			<row idgoal='4'>
				<nb_conversions>0</nb_conversions>
				<revenue>0</revenue>
				<nb_visits_converted>0</nb_visits_converted>
			</row>
			<row idgoal='5'>
				<nb_conversions>0</nb_conversions>
				<revenue>0</revenue>
				<nb_visits_converted>0</nb_visits_converted>
			</row>
			<row idgoal='ecommerceOrder'>
				<nb_conversions>40</nb_conversions>
				<revenue>413325</revenue>
				<items>303</items>
			</row>
		</goals>
		<sum_daily_nb_uniq_visitors>66</sum_daily_nb_uniq_visitors>
		<segment>browserEngine==Trident</segment>
	</row>
	<row>
		<label>Gecko (Firefox)</label>
		<nb_visits>63</nb_visits>
		<nb_actions>235</nb_actions>
		<sum_visit_length>1563</sum_visit_length>
		<bounce_count>11</bounce_count>
		<nb_visits_converted>17</nb_visits_converted>
		<nb_conversions>40</nb_conversions>
		<revenue>193085</revenue>
		<goals>
			<row idgoal='1'>
				<nb_conversions>13</nb_conversions>
				<revenue>0</revenue>
				<nb_visits_converted>13</nb_visits_converted>
			</row>
			<row idgoal='2'>
				<nb_conversions>6</nb_conversions>
				<revenue>0</revenue>
				<nb_visits_converted>6</nb_visits_converted>
			</row>
			<row idgoal='3'>
				<nb_conversions>0</nb_conversions>
				<revenue>0</revenue>
				<nb_visits_converted>0</nb_visits_converted>
			</row>
			<row idgoal='4'>
				<nb_conversions>0</nb_conversions>
				<revenue>0</revenue>
				<nb_visits_converted>0</nb_visits_converted>
			</row>
			<row idgoal='5'>
				<nb_conversions>0</nb_conversions>
				<revenue>0</revenue>
				<nb_visits_converted>0</nb_visits_converted>
			</row>
			<row idgoal='ecommerceOrder'>
				<nb_conversions>21</nb_conversions>
				<revenue>193085</revenue>
				<items>134</items>
			</row>
		</goals>
		<sum_daily_nb_uniq_visitors>48</sum_daily_nb_uniq_visitors>
		<segment>browserEngine==Gecko</segment>
	</row>
	<row>
		<label>Android Webview</label>
		<nb_visits>12</nb_visits>
		<nb_actions>14</nb_actions>
		<sum_visit_length>1778</sum_visit_length>
		<bounce_count>10</bounce_count>
		<nb_visits_converted>1</nb_visits_converted>
		<nb_conversions>1</nb_conversions>
		<revenue>0</revenue>
		<goals>
			<row idgoal='1'>
				<nb_conversions>0</nb_conversions>
				<revenue>0</revenue>
				<nb_visits_converted>0</nb_visits_converted>
			</row>
			<row idgoal='2'>
				<nb_conversions>0</nb_conversions>
				<revenue>0</revenue>
				<nb_visits_converted>0</nb_visits_converted>
			</row>
			<row idgoal='3'>
				<nb_conversions>1</nb_conversions>
				<revenue>0</revenue>
				<nb_visits_converted>1</nb_visits_converted>
			</row>
			<row idgoal='4'>
				<nb_conversions>0</nb_conversions>
				<revenue>0</revenue>
				<nb_visits_converted>0</nb_visits_converted>
			</row>
			<row idgoal='5'>
				<nb_conversions>0</nb_conversions>
				<revenue>0</revenue>
				<nb_visits_converted>0</nb_visits_converted>
			</row>
			<row idgoal='ecommerceOrder'>
				<nb_conversions>0</nb_conversions>
				<revenue>0</revenue>
				<items>0</items>
			</row>
		</goals>
		<sum_daily_nb_uniq_visitors>12</sum_daily_nb_uniq_visitors>
		<segment>browserEngine==Android+Webview</segment>
	</row>
	<row>
		<label>Safari (in-app)</label>
		<nb_visits>6</nb_visits>
		<nb_actions>9</nb_actions>
		<sum_visit_length>1824</sum_visit_length>
		<bounce_count>4</bounce_count>
		<nb_visits_converted>1</nb_visits_converted>
		<nb_conversions>1</nb_conversions>
		<revenue>0</revenue>
		<goals>
			<row idgoal='1'>
				<nb_conversions>0</nb_conversions>
				<revenue>0</revenue>
				<nb_visits_converted>0</nb_visits_converted>
			</row>
			<row idgoal='2'>
				<nb_conversions>0</nb_conversions>
				<revenue>0</revenue>
				<nb_visits_converted>0</nb_visits_converted>
			</row>
			<row idgoal='3'>
				<nb_conversions>1</nb_conversions>
				<revenue>0</revenue>
				<nb_visits_converted>1</nb_visits_converted>
			</row>
			<row idgoal='4'>
				<nb_conversions>0</nb_conversions>
				<revenue>0</revenue>
				<nb_visits_converted>0</nb_visits_converted>
			</row>
			<row idgoal='5'>
				<nb_conversions>0</nb_conversions>
				<revenue>0</revenue>
				<nb_visits_converted>0</nb_visits_converted>
			</row>
			<row idgoal='ecommerceOrder'>
				<nb_conversions>0</nb_conversions>
				<revenue>0</revenue>
				<items>0</items>
			</row>
		</goals>
		<sum_daily_nb_uniq_visitors>5</sum_daily_nb_uniq_visitors>
		<segment>browserEngine==Safari+%28in-app%29</segment>
	</row>
	<row>
		<label>Edge</label>
		<nb_visits>3</nb_visits>
		<nb_actions>4</nb_actions>
		<sum_visit_length>28</sum_visit_length>
		<bounce_count>2</bounce_count>
		<nb_visits_converted>0</nb_visits_converted>
		<nb_conversions>0</nb_conversions>
		<revenue>0</revenue>
		<goals>
			<row idgoal='1'>
				<nb_conversions>0</nb_conversions>
				<revenue>0</revenue>
				<nb_visits_converted>0</nb_visits_converted>
			</row>
			<row idgoal='2'>
				<nb_conversions>0</nb_conversions>
				<revenue>0</revenue>
				<nb_visits_converted>0</nb_visits_converted>
			</row>
			<row idgoal='3'>
				<nb_conversions>0</nb_conversions>
				<revenue>0</revenue>
				<nb_visits_converted>0</nb_visits_converted>
			</row>
			<row idgoal='4'>
				<nb_conversions>0</nb_conversions>
				<revenue>0</revenue>
				<nb_visits_converted>0</nb_visits_converted>
			</row>
			<row idgoal='5'>
				<nb_conversions>0</nb_conversions>
				<revenue>0</revenue>
				<nb_visits_converted>0</nb_visits_converted>
			</row>
			<row idgoal='ecommerceOrder'>
				<nb_conversions>0</nb_conversions>
				<revenue>0</revenue>
				<items>0</items>
			</row>
		</goals>
		<sum_daily_nb_uniq_visitors>3</sum_daily_nb_uniq_visitors>
		<segment>browserEngine==Edge</segment>
	</row>
	<row>
		<label>Samsung Internet</label>
		<nb_visits>3</nb_visits>
		<nb_actions>4</nb_actions>
		<sum_visit_length>53</sum_visit_length>
		<bounce_count>2</bounce_count>
		<nb_visits_converted>0</nb_visits_converted>
		<nb_conversions>0</nb_conversions>
		<revenue>0</revenue>
		<goals>
			<row idgoal='1'>
				<nb_conversions>0</nb_conversions>
				<revenue>0</revenue>
				<nb_visits_converted>0</nb_visits_converted>
			</row>
			<row idgoal='2'>
				<nb_conversions>0</nb_conversions>
				<revenue>0</revenue>
				<nb_visits_converted>0</nb_visits_converted>
			</row>
			<row idgoal='3'>
				<nb_conversions>0</nb_conversions>
				<revenue>0</revenue>
				<nb_visits_converted>0</nb_visits_converted>
			</row>
			<row idgoal='4'>
				<nb_conversions>0</nb_conversions>
				<revenue>0</revenue>
				<nb_visits_converted>0</nb_visits_converted>
			</row>
			<row idgoal='5'>
				<nb_conversions>0</nb_conversions>
				<revenue>0</revenue>
				<nb_visits_converted>0</nb_visits_converted>
			</row>
			<row idgoal='ecommerceOrder'>
				<nb_conversions>0</nb_conversions>
				<revenue>0</revenue>
				<items>0</items>
			</row>
		</goals>
		<sum_daily_nb_uniq_visitors>3</sum_daily_nb_uniq_visitors>
		<segment>browserEngine==Samsung+Internet</segment>
	</row>
</result>