<?xml version="1.0" encoding="utf-8" ?>
<result>
	<row>
		<label>0–10s</label>
		<nb_uniq_visitors>102</nb_uniq_visitors>
		<nb_visits>154</nb_visits>
		<nb_actions>428</nb_actions>
		<sum_visit_length>148</sum_visit_length>
		<bounce_count>57</bounce_count>
		<nb_visits_converted>54</nb_visits_converted>
		<nb_conversions>101</nb_conversions>
		<revenue>372052</revenue>
		<goals>
			<row idgoal='1'>
				<nb_conversions>30</nb_conversions>
				<revenue>0</revenue>
				<nb_visits_converted>29</nb_visits_converted>
			</row>
			<row idgoal='2'>
				<nb_conversions>25</nb_conversions>
				<revenue>0</revenue>
				<nb_visits_converted>23</nb_visits_converted>
			</row>
			<row idgoal='3'>
				<nb_conversions>0</nb_conversions>
				<revenue>0</revenue>
				<nb_visits_converted>0</nb_visits_converted>
			</row>
			<row idgoal='4'>
				<nb_conversions>0</nb_conversions>
				<revenue>0</revenue>
				<nb_visits_converted>0</nb_visits_converted>
			</row>
			<row idgoal='5'>
				<nb_conversions>0</nb_conversions>
				<revenue>0</revenue>
				<nb_visits_converted>0</nb_visits_converted>
			</row>
			<row idgoal='ecommerceOrder'>
				<nb_conversions>46</nb_conversions>
				<revenue>372052</revenue>
				<items>293</items>
			</row>
		</goals>
		<segment>visitDuration&gt;=0;visitDuration&lt;=10</segment>
	</row>
	<row>
		<label>11–30s</label>
		<nb_uniq_visitors>5</nb_uniq_visitors>
		<nb_visits>5</nb_visits>
		<nb_actions>24</nb_actions>
		<sum_visit_length>109</sum_visit_length>
		<bounce_count>0</bounce_count>
		<nb_visits_converted>4</nb_visits_converted>
		<nb_conversions>6</nb_conversions>
		<revenue>12806</revenue>
		<goals>
			<row idgoal='1'>
				<nb_conversions>2</nb_conversions>
				<revenue>0</revenue>
				<nb_visits_converted>2</nb_visits_converted>
			</row>
			<row idgoal='2'>
				<nb_conversions>2</nb_conversions>
				<revenue>0</revenue>
				<nb_visits_converted>2</nb_visits_converted>
			</row>
			<row idgoal='3'>
				<nb_conversions>0</nb_conversions>
				<revenue>0</revenue>
				<nb_visits_converted>0</nb_visits_converted>
			</row>
			<row idgoal='4'>
				<nb_conversions>0</nb_conversions>
				<revenue>0</revenue>
				<nb_visits_converted>0</nb_visits_converted>
			</row>
			<row idgoal='5'>
				<nb_conversions>0</nb_conversions>
				<revenue>0</revenue>
				<nb_visits_converted>0</nb_visits_converted>
			</row>
			<row idgoal='ecommerceOrder'>
				<nb_conversions>2</nb_conversions>
				<revenue>12806</revenue>
				<items>9</items>
			</row>
		</goals>
		<segment>visitDuration&gt;=11;visitDuration&lt;=30</segment>
	</row>
	<row>
		<label>31–60s</label>
		<nb_uniq_visitors>6</nb_uniq_visitors>
		<nb_visits>6</nb_visits>
		<nb_actions>25</nb_actions>
		<sum_visit_length>262</sum_visit_length>
		<bounce_count>0</bounce_count>
		<nb_visits_converted>1</nb_visits_converted>
		<nb_conversions>3</nb_conversions>
		<revenue>17879</revenue>
		<goals>
			<row idgoal='1'>
				<nb_conversions>1</nb_conversions>
				<revenue>0</revenue>
				<nb_visits_converted>1</nb_visits_converted>
			</row>
			<row idgoal='2'>
				<nb_conversions>0</nb_conversions>
				<revenue>0</revenue>
				<nb_visits_converted>0</nb_visits_converted>
			</row>
			<row idgoal='3'>
				<nb_conversions>0</nb_conversions>
				<revenue>0</revenue>
				<nb_visits_converted>0</nb_visits_converted>
			</row>
			<row idgoal='4'>
				<nb_conversions>0</nb_conversions>
				<revenue>0</revenue>
				<nb_visits_converted>0</nb_visits_converted>
			</row>
			<row idgoal='5'>
				<nb_conversions>0</nb_conversions>
				<revenue>0</revenue>
				<nb_visits_converted>0</nb_visits_converted>
			</row>
			<row idgoal='ecommerceOrder'>
				<nb_conversions>2</nb_conversions>
				<revenue>17879</revenue>
				<items>13</items>
			</row>
		</goals>
		<segment>visitDuration&gt;=31;visitDuration&lt;=60</segment>
	</row>
	<row>
		<label>1-2 min</label>
		<nb_uniq_visitors>6</nb_uniq_visitors>
		<nb_visits>6</nb_visits>
		<nb_actions>29</nb_actions>
		<sum_visit_length>532</sum_visit_length>
		<bounce_count>0</bounce_count>
		<nb_visits_converted>3</nb_visits_converted>
		<nb_conversions>5</nb_conversions>
		<revenue>21426</revenue>
		<goals>
			<row idgoal='1'>
				<nb_conversions>1</nb_conversions>
				<revenue>0</revenue>
				<nb_visits_converted>1</nb_visits_converted>
			</row>
			<row idgoal='2'>
				<nb_conversions>2</nb_conversions>
				<revenue>0</revenue>
				<nb_visits_converted>2</nb_visits_converted>
			</row>
			<row idgoal='3'>
				<nb_conversions>0</nb_conversions>
				<revenue>0</revenue>
				<nb_visits_converted>0</nb_visits_converted>
			</row>
			<row idgoal='4'>
				<nb_conversions>0</nb_conversions>
				<revenue>0</revenue>
				<nb_visits_converted>0</nb_visits_converted>
			</row>
			<row idgoal='5'>
				<nb_conversions>0</nb_conversions>
				<revenue>0</revenue>
				<nb_visits_converted>0</nb_visits_converted>
			</row>
			<row idgoal='ecommerceOrder'>
				<nb_conversions>2</nb_conversions>
				<revenue>21426</revenue>
				<items>15</items>
			</row>
		</goals>
		<segment>visitDuration&gt;=60;visitDuration&lt;=120</segment>
	</row>
	<row>
		<label>2-4 min</label>
		<nb_uniq_visitors>10</nb_uniq_visitors>
		<nb_visits>10</nb_visits>
		<nb_actions>55</nb_actions>
		<sum_visit_length>1898</sum_visit_length>
		<bounce_count>0</bounce_count>
		<nb_visits_converted>5</nb_visits_converted>
		<nb_conversions>10</nb_conversions>
		<revenue>39156</revenue>
		<goals>
			<row idgoal='1'>
				<nb_conversions>2</nb_conversions>
				<revenue>0</revenue>
				<nb_visits_converted>2</nb_visits_converted>
			</row>
			<row idgoal='2'>
				<nb_conversions>3</nb_conversions>
				<revenue>0</revenue>
				<nb_visits_converted>3</nb_visits_converted>
			</row>
			<row idgoal='3'>
				<nb_conversions>0</nb_conversions>
				<revenue>0</revenue>
				<nb_visits_converted>0</nb_visits_converted>
			</row>
			<row idgoal='4'>
				<nb_conversions>0</nb_conversions>
				<revenue>0</revenue>
				<nb_visits_converted>0</nb_visits_converted>
			</row>
			<row idgoal='5'>
				<nb_conversions>0</nb_conversions>
				<revenue>0</revenue>
				<nb_visits_converted>0</nb_visits_converted>
			</row>
			<row idgoal='ecommerceOrder'>
				<nb_conversions>5</nb_conversions>
				<revenue>39156</revenue>
				<items>30</items>
			</row>
		</goals>
		<segment>visitDuration&gt;=120;visitDuration&lt;=240</segment>
	</row>
	<row>
		<label>4-7 min</label>
		<nb_uniq_visitors>10</nb_uniq_visitors>
		<nb_visits>10</nb_visits>
		<nb_actions>81</nb_actions>
		<sum_visit_length>3327</sum_visit_length>
		<bounce_count>0</bounce_count>
		<nb_visits_converted>5</nb_visits_converted>
		<nb_conversions>12</nb_conversions>
		<revenue>81039</revenue>
		<goals>
			<row idgoal='1'>
				<nb_conversions>4</nb_conversions>
				<revenue>0</revenue>
				<nb_visits_converted>4</nb_visits_converted>
			</row>
			<row idgoal='2'>
				<nb_conversions>1</nb_conversions>
				<revenue>0</revenue>
				<nb_visits_converted>1</nb_visits_converted>
			</row>
			<row idgoal='3'>
				<nb_conversions>0</nb_conversions>
				<revenue>0</revenue>
				<nb_visits_converted>0</nb_visits_converted>
			</row>
			<row idgoal='4'>
				<nb_conversions>0</nb_conversions>
				<revenue>0</revenue>
				<nb_visits_converted>0</nb_visits_converted>
			</row>
			<row idgoal='5'>
				<nb_conversions>0</nb_conversions>
				<revenue>0</revenue>
				<nb_visits_converted>0</nb_visits_converted>
			</row>
			<row idgoal='ecommerceOrder'>
				<nb_conversions>7</nb_conversions>
				<revenue>81039</revenue>
				<items>59</items>
			</row>
		</goals>
		<segment>visitDuration&gt;=240;visitDuration&lt;=420</segment>
	</row>
	<row>
		<label>7-10 min</label>
		<nb_uniq_visitors>2</nb_uniq_visitors>
		<nb_visits>2</nb_visits>
		<nb_actions>18</nb_actions>
		<sum_visit_length>1062</sum_visit_length>
		<bounce_count>0</bounce_count>
		<nb_visits_converted>2</nb_visits_converted>
		<nb_conversions>3</nb_conversions>
		<revenue>3045</revenue>
		<goals>
			<row idgoal='1'>
				<nb_conversions>0</nb_conversions>
				<revenue>0</revenue>
				<nb_visits_converted>0</nb_visits_converted>
			</row>
			<row idgoal='2'>
				<nb_conversions>2</nb_conversions>
				<revenue>0</revenue>
				<nb_visits_converted>2</nb_visits_converted>
			</row>
			<row idgoal='3'>
				<nb_conversions>0</nb_conversions>
				<revenue>0</revenue>
				<nb_visits_converted>0</nb_visits_converted>
			</row>
			<row idgoal='4'>
				<nb_conversions>0</nb_conversions>
				<revenue>0</revenue>
				<nb_visits_converted>0</nb_visits_converted>
			</row>
			<row idgoal='5'>
				<nb_conversions>0</nb_conversions>
				<revenue>0</revenue>
				<nb_visits_converted>0</nb_visits_converted>
			</row>
			<row idgoal='ecommerceOrder'>
				<nb_conversions>1</nb_conversions>
				<revenue>3045</revenue>
				<items>5</items>
			</row>
		</goals>
		<segment>visitDuration&gt;=420;visitDuration&lt;=600</segment>
	</row>
	<row>
		<label>10-15 min</label>
		<nb_uniq_visitors>1</nb_uniq_visitors>
		<nb_visits>1</nb_visits>
		<nb_actions>12</nb_actions>
		<sum_visit_length>665</sum_visit_length>
		<bounce_count>0</bounce_count>
		<nb_visits_converted>1</nb_visits_converted>
		<nb_conversions>1</nb_conversions>
		<revenue>0</revenue>
		<goals>
			<row idgoal='1'>
				<nb_conversions>0</nb_conversions>
				<revenue>0</revenue>
				<nb_visits_converted>0</nb_visits_converted>
			</row>
			<row idgoal='2'>
				<nb_conversions>1</nb_conversions>
				<revenue>0</revenue>
				<nb_visits_converted>1</nb_visits_converted>
			</row>
			<row idgoal='3'>
				<nb_conversions>0</nb_conversions>
				<revenue>0</revenue>
				<nb_visits_converted>0</nb_visits_converted>
			</row>
			<row idgoal='4'>
				<nb_conversions>0</nb_conversions>
				<revenue>0</revenue>
				<nb_visits_converted>0</nb_visits_converted>
			</row>
			<row idgoal='5'>
				<nb_conversions>0</nb_conversions>
				<revenue>0</revenue>
				<nb_visits_converted>0</nb_visits_converted>
			</row>
			<row idgoal='ecommerceOrder'>
				<nb_conversions>0</nb_conversions>
				<revenue>0</revenue>
				<items>0</items>
			</row>
		</goals>
		<segment>visitDuration&gt;=600;visitDuration&lt;=900</segment>
	</row>
	<row>
		<label>15-30 min</label>
		<nb_uniq_visitors>2</nb_uniq_visitors>
		<nb_visits>2</nb_visits>
		<nb_actions>4</nb_actions>
		<sum_visit_length>2919</sum_visit_length>
		<bounce_count>0</bounce_count>
		<nb_visits_converted>2</nb_visits_converted>
		<nb_conversions>2</nb_conversions>
		<revenue>0</revenue>
		<goals>
			<row idgoal='1'>
				<nb_conversions>0</nb_conversions>
				<revenue>0</revenue>
				<nb_visits_converted>0</nb_visits_converted>
			</row>
			<row idgoal='2'>
				<nb_conversions>0</nb_conversions>
				<revenue>0</revenue>
				<nb_visits_converted>0</nb_visits_converted>
			</row>
			<row idgoal='3'>
				<nb_conversions>2</nb_conversions>
				<revenue>0</revenue>
				<nb_visits_converted>2</nb_visits_converted>
			</row>
			<row idgoal='4'>
				<nb_conversions>0</nb_conversions>
				<revenue>0</revenue>
				<nb_visits_converted>0</nb_visits_converted>
			</row>
			<row idgoal='5'>
				<nb_conversions>0</nb_conversions>
				<revenue>0</revenue>
				<nb_visits_converted>0</nb_visits_converted>
			</row>
			<row idgoal='ecommerceOrder'>
				<nb_conversions>0</nb_conversions>
				<revenue>0</revenue>
				<items>0</items>
			</row>
		</goals>
		<segment>visitDuration&gt;=900;visitDuration&lt;=1800</segment>
	</row>
	<row>
		<label>30+ min</label>
		<segment>visitDuration&gt;=1801</segment>
	</row>
</result>